Archive member included because of file (symbol)

c:/program files/gnu tools arm embedded/4.9 2015q1/bin/../lib/gcc/arm-none-eabi/4.9.3/../../../../arm-none-eabi/lib/armv7e-m\libc.a(lib_a-exit.o)
                              c:/program files/gnu tools arm embedded/4.9 2015q1/bin/../lib/gcc/arm-none-eabi/4.9.3/../../../../arm-none-eabi/lib/armv7e-m/crt0.o (exit)
c:/program files/gnu tools arm embedded/4.9 2015q1/bin/../lib/gcc/arm-none-eabi/4.9.3/../../../../arm-none-eabi/lib/armv7e-m\libc.a(lib_a-impure.o)
                              c:/program files/gnu tools arm embedded/4.9 2015q1/bin/../lib/gcc/arm-none-eabi/4.9.3/../../../../arm-none-eabi/lib/armv7e-m\libc.a(lib_a-exit.o) (_global_impure_ptr)
c:/program files/gnu tools arm embedded/4.9 2015q1/bin/../lib/gcc/arm-none-eabi/4.9.3/../../../../arm-none-eabi/lib/armv7e-m\libc.a(lib_a-init.o)
                              c:/program files/gnu tools arm embedded/4.9 2015q1/bin/../lib/gcc/arm-none-eabi/4.9.3/../../../../arm-none-eabi/lib/armv7e-m/crt0.o (__libc_init_array)
c:/program files/gnu tools arm embedded/4.9 2015q1/bin/../lib/gcc/arm-none-eabi/4.9.3/../../../../arm-none-eabi/lib/armv7e-m\libc.a(lib_a-memset.o)
                              c:/program files/gnu tools arm embedded/4.9 2015q1/bin/../lib/gcc/arm-none-eabi/4.9.3/../../../../arm-none-eabi/lib/armv7e-m/crt0.o (memset)
c:/program files/gnu tools arm embedded/4.9 2015q1/bin/../lib/gcc/arm-none-eabi/4.9.3/../../../../arm-none-eabi/lib/armv7e-m\libc.a(lib_a-__call_atexit.o)
                              c:/program files/gnu tools arm embedded/4.9 2015q1/bin/../lib/gcc/arm-none-eabi/4.9.3/../../../../arm-none-eabi/lib/armv7e-m\libc.a(lib_a-exit.o) (__call_exitprocs)
c:/program files/gnu tools arm embedded/4.9 2015q1/bin/../lib/gcc/arm-none-eabi/4.9.3/../../../../arm-none-eabi/lib/armv7e-m\libc.a(lib_a-atexit.o)
                              c:/program files/gnu tools arm embedded/4.9 2015q1/bin/../lib/gcc/arm-none-eabi/4.9.3/../../../../arm-none-eabi/lib/armv7e-m\libc.a(lib_a-__call_atexit.o) (atexit)
c:/program files/gnu tools arm embedded/4.9 2015q1/bin/../lib/gcc/arm-none-eabi/4.9.3/../../../../arm-none-eabi/lib/armv7e-m\libc.a(lib_a-fini.o)
                              c:/program files/gnu tools arm embedded/4.9 2015q1/bin/../lib/gcc/arm-none-eabi/4.9.3/../../../../arm-none-eabi/lib/armv7e-m\libc.a(lib_a-__call_atexit.o) (__libc_fini_array)
c:/program files/gnu tools arm embedded/4.9 2015q1/bin/../lib/gcc/arm-none-eabi/4.9.3/../../../../arm-none-eabi/lib/armv7e-m\libc.a(lib_a-__atexit.o)
                              c:/program files/gnu tools arm embedded/4.9 2015q1/bin/../lib/gcc/arm-none-eabi/4.9.3/../../../../arm-none-eabi/lib/armv7e-m\libc.a(lib_a-atexit.o) (__register_exitproc)

Discarded input sections

 .text          0x00000000        0x0 c:/program files/gnu tools arm embedded/4.9 2015q1/bin/../lib/gcc/arm-none-eabi/4.9.3/armv7e-m/crti.o
 .data          0x00000000        0x0 c:/program files/gnu tools arm embedded/4.9 2015q1/bin/../lib/gcc/arm-none-eabi/4.9.3/armv7e-m/crti.o
 .bss           0x00000000        0x0 c:/program files/gnu tools arm embedded/4.9 2015q1/bin/../lib/gcc/arm-none-eabi/4.9.3/armv7e-m/crti.o
 .data          0x00000000        0x4 c:/program files/gnu tools arm embedded/4.9 2015q1/bin/../lib/gcc/arm-none-eabi/4.9.3/armv7e-m/crtbegin.o
 .text          0x00000000       0x74 c:/program files/gnu tools arm embedded/4.9 2015q1/bin/../lib/gcc/arm-none-eabi/4.9.3/../../../../arm-none-eabi/lib/armv7e-m/crt0.o
 .data          0x00000000        0x0 c:/program files/gnu tools arm embedded/4.9 2015q1/bin/../lib/gcc/arm-none-eabi/4.9.3/../../../../arm-none-eabi/lib/armv7e-m/crt0.o
 .bss           0x00000000        0x0 c:/program files/gnu tools arm embedded/4.9 2015q1/bin/../lib/gcc/arm-none-eabi/4.9.3/../../../../arm-none-eabi/lib/armv7e-m/crt0.o
 .ARM.extab     0x00000000        0x0 c:/program files/gnu tools arm embedded/4.9 2015q1/bin/../lib/gcc/arm-none-eabi/4.9.3/../../../../arm-none-eabi/lib/armv7e-m/crt0.o
 .ARM.exidx     0x00000000        0x8 c:/program files/gnu tools arm embedded/4.9 2015q1/bin/../lib/gcc/arm-none-eabi/4.9.3/../../../../arm-none-eabi/lib/armv7e-m/crt0.o
 .ARM.attributes
                0x00000000       0x1c c:/program files/gnu tools arm embedded/4.9 2015q1/bin/../lib/gcc/arm-none-eabi/4.9.3/../../../../arm-none-eabi/lib/armv7e-m/crt0.o
 .text          0x00000000        0x0 c:/program files/gnu tools arm embedded/4.9 2015q1/bin/../lib/gcc/arm-none-eabi/4.9.3/../../../../arm-none-eabi/lib/armv7e-m\libc.a(lib_a-exit.o)
 .data          0x00000000        0x0 c:/program files/gnu tools arm embedded/4.9 2015q1/bin/../lib/gcc/arm-none-eabi/4.9.3/../../../../arm-none-eabi/lib/armv7e-m\libc.a(lib_a-exit.o)
 .bss           0x00000000        0x0 c:/program files/gnu tools arm embedded/4.9 2015q1/bin/../lib/gcc/arm-none-eabi/4.9.3/../../../../arm-none-eabi/lib/armv7e-m\libc.a(lib_a-exit.o)
 .text.exit     0x00000000       0x20 c:/program files/gnu tools arm embedded/4.9 2015q1/bin/../lib/gcc/arm-none-eabi/4.9.3/../../../../arm-none-eabi/lib/armv7e-m\libc.a(lib_a-exit.o)
 .debug_frame   0x00000000       0x28 c:/program files/gnu tools arm embedded/4.9 2015q1/bin/../lib/gcc/arm-none-eabi/4.9.3/../../../../arm-none-eabi/lib/armv7e-m\libc.a(lib_a-exit.o)
 .ARM.attributes
                0x00000000       0x2e c:/program files/gnu tools arm embedded/4.9 2015q1/bin/../lib/gcc/arm-none-eabi/4.9.3/../../../../arm-none-eabi/lib/armv7e-m\libc.a(lib_a-exit.o)
 .text          0x00000000        0x0 c:/program files/gnu tools arm embedded/4.9 2015q1/bin/../lib/gcc/arm-none-eabi/4.9.3/../../../../arm-none-eabi/lib/armv7e-m\libc.a(lib_a-impure.o)
 .data          0x00000000        0x0 c:/program files/gnu tools arm embedded/4.9 2015q1/bin/../lib/gcc/arm-none-eabi/4.9.3/../../../../arm-none-eabi/lib/armv7e-m\libc.a(lib_a-impure.o)
 .bss           0x00000000        0x0 c:/program files/gnu tools arm embedded/4.9 2015q1/bin/../lib/gcc/arm-none-eabi/4.9.3/../../../../arm-none-eabi/lib/armv7e-m\libc.a(lib_a-impure.o)
 .data._impure_ptr
                0x00000000        0x4 c:/program files/gnu tools arm embedded/4.9 2015q1/bin/../lib/gcc/arm-none-eabi/4.9.3/../../../../arm-none-eabi/lib/armv7e-m\libc.a(lib_a-impure.o)
 .ARM.attributes
                0x00000000       0x2e c:/program files/gnu tools arm embedded/4.9 2015q1/bin/../lib/gcc/arm-none-eabi/4.9.3/../../../../arm-none-eabi/lib/armv7e-m\libc.a(lib_a-impure.o)
 .text          0x00000000        0x0 c:/program files/gnu tools arm embedded/4.9 2015q1/bin/../lib/gcc/arm-none-eabi/4.9.3/../../../../arm-none-eabi/lib/armv7e-m\libc.a(lib_a-init.o)
 .data          0x00000000        0x0 c:/program files/gnu tools arm embedded/4.9 2015q1/bin/../lib/gcc/arm-none-eabi/4.9.3/../../../../arm-none-eabi/lib/armv7e-m\libc.a(lib_a-init.o)
 .bss           0x00000000        0x0 c:/program files/gnu tools arm embedded/4.9 2015q1/bin/../lib/gcc/arm-none-eabi/4.9.3/../../../../arm-none-eabi/lib/armv7e-m\libc.a(lib_a-init.o)
 .debug_frame   0x00000000       0x2c c:/program files/gnu tools arm embedded/4.9 2015q1/bin/../lib/gcc/arm-none-eabi/4.9.3/../../../../arm-none-eabi/lib/armv7e-m\libc.a(lib_a-init.o)
 .ARM.attributes
                0x00000000       0x2e c:/program files/gnu tools arm embedded/4.9 2015q1/bin/../lib/gcc/arm-none-eabi/4.9.3/../../../../arm-none-eabi/lib/armv7e-m\libc.a(lib_a-init.o)
 .text          0x00000000        0x0 c:/program files/gnu tools arm embedded/4.9 2015q1/bin/../lib/gcc/arm-none-eabi/4.9.3/../../../../arm-none-eabi/lib/armv7e-m\libc.a(lib_a-memset.o)
 .data          0x00000000        0x0 c:/program files/gnu tools arm embedded/4.9 2015q1/bin/../lib/gcc/arm-none-eabi/4.9.3/../../../../arm-none-eabi/lib/armv7e-m\libc.a(lib_a-memset.o)
 .bss           0x00000000        0x0 c:/program files/gnu tools arm embedded/4.9 2015q1/bin/../lib/gcc/arm-none-eabi/4.9.3/../../../../arm-none-eabi/lib/armv7e-m\libc.a(lib_a-memset.o)
 .text.memset   0x00000000       0x9c c:/program files/gnu tools arm embedded/4.9 2015q1/bin/../lib/gcc/arm-none-eabi/4.9.3/../../../../arm-none-eabi/lib/armv7e-m\libc.a(lib_a-memset.o)
 .debug_frame   0x00000000       0x34 c:/program files/gnu tools arm embedded/4.9 2015q1/bin/../lib/gcc/arm-none-eabi/4.9.3/../../../../arm-none-eabi/lib/armv7e-m\libc.a(lib_a-memset.o)
 .ARM.attributes
                0x00000000       0x2e c:/program files/gnu tools arm embedded/4.9 2015q1/bin/../lib/gcc/arm-none-eabi/4.9.3/../../../../arm-none-eabi/lib/armv7e-m\libc.a(lib_a-memset.o)
 .text          0x00000000        0x0 c:/program files/gnu tools arm embedded/4.9 2015q1/bin/../lib/gcc/arm-none-eabi/4.9.3/../../../../arm-none-eabi/lib/armv7e-m\libc.a(lib_a-__call_atexit.o)
 .data          0x00000000        0x0 c:/program files/gnu tools arm embedded/4.9 2015q1/bin/../lib/gcc/arm-none-eabi/4.9.3/../../../../arm-none-eabi/lib/armv7e-m\libc.a(lib_a-__call_atexit.o)
 .bss           0x00000000        0x0 c:/program files/gnu tools arm embedded/4.9 2015q1/bin/../lib/gcc/arm-none-eabi/4.9.3/../../../../arm-none-eabi/lib/armv7e-m\libc.a(lib_a-__call_atexit.o)
 .text.__call_exitprocs
                0x00000000       0xd4 c:/program files/gnu tools arm embedded/4.9 2015q1/bin/../lib/gcc/arm-none-eabi/4.9.3/../../../../arm-none-eabi/lib/armv7e-m\libc.a(lib_a-__call_atexit.o)
 .debug_frame   0x00000000       0x50 c:/program files/gnu tools arm embedded/4.9 2015q1/bin/../lib/gcc/arm-none-eabi/4.9.3/../../../../arm-none-eabi/lib/armv7e-m\libc.a(lib_a-__call_atexit.o)
 .ARM.attributes
                0x00000000       0x2e c:/program files/gnu tools arm embedded/4.9 2015q1/bin/../lib/gcc/arm-none-eabi/4.9.3/../../../../arm-none-eabi/lib/armv7e-m\libc.a(lib_a-__call_atexit.o)
 .text          0x00000000        0x0 c:/program files/gnu tools arm embedded/4.9 2015q1/bin/../lib/gcc/arm-none-eabi/4.9.3/../../../../arm-none-eabi/lib/armv7e-m\libc.a(lib_a-atexit.o)
 .data          0x00000000        0x0 c:/program files/gnu tools arm embedded/4.9 2015q1/bin/../lib/gcc/arm-none-eabi/4.9.3/../../../../arm-none-eabi/lib/armv7e-m\libc.a(lib_a-atexit.o)
 .bss           0x00000000        0x0 c:/program files/gnu tools arm embedded/4.9 2015q1/bin/../lib/gcc/arm-none-eabi/4.9.3/../../../../arm-none-eabi/lib/armv7e-m\libc.a(lib_a-atexit.o)
 .debug_frame   0x00000000       0x20 c:/program files/gnu tools arm embedded/4.9 2015q1/bin/../lib/gcc/arm-none-eabi/4.9.3/../../../../arm-none-eabi/lib/armv7e-m\libc.a(lib_a-atexit.o)
 .ARM.attributes
                0x00000000       0x2e c:/program files/gnu tools arm embedded/4.9 2015q1/bin/../lib/gcc/arm-none-eabi/4.9.3/../../../../arm-none-eabi/lib/armv7e-m\libc.a(lib_a-atexit.o)
 .text          0x00000000        0x0 c:/program files/gnu tools arm embedded/4.9 2015q1/bin/../lib/gcc/arm-none-eabi/4.9.3/../../../../arm-none-eabi/lib/armv7e-m\libc.a(lib_a-fini.o)
 .data          0x00000000        0x0 c:/program files/gnu tools arm embedded/4.9 2015q1/bin/../lib/gcc/arm-none-eabi/4.9.3/../../../../arm-none-eabi/lib/armv7e-m\libc.a(lib_a-fini.o)
 .bss           0x00000000        0x0 c:/program files/gnu tools arm embedded/4.9 2015q1/bin/../lib/gcc/arm-none-eabi/4.9.3/../../../../arm-none-eabi/lib/armv7e-m\libc.a(lib_a-fini.o)
 .debug_frame   0x00000000       0x34 c:/program files/gnu tools arm embedded/4.9 2015q1/bin/../lib/gcc/arm-none-eabi/4.9.3/../../../../arm-none-eabi/lib/armv7e-m\libc.a(lib_a-fini.o)
 .ARM.attributes
                0x00000000       0x2e c:/program files/gnu tools arm embedded/4.9 2015q1/bin/../lib/gcc/arm-none-eabi/4.9.3/../../../../arm-none-eabi/lib/armv7e-m\libc.a(lib_a-fini.o)
 .text          0x00000000        0x0 c:/program files/gnu tools arm embedded/4.9 2015q1/bin/../lib/gcc/arm-none-eabi/4.9.3/../../../../arm-none-eabi/lib/armv7e-m\libc.a(lib_a-__atexit.o)
 .data          0x00000000        0x0 c:/program files/gnu tools arm embedded/4.9 2015q1/bin/../lib/gcc/arm-none-eabi/4.9.3/../../../../arm-none-eabi/lib/armv7e-m\libc.a(lib_a-__atexit.o)
 .bss           0x00000000        0x0 c:/program files/gnu tools arm embedded/4.9 2015q1/bin/../lib/gcc/arm-none-eabi/4.9.3/../../../../arm-none-eabi/lib/armv7e-m\libc.a(lib_a-__atexit.o)
 .debug_frame   0x00000000       0x34 c:/program files/gnu tools arm embedded/4.9 2015q1/bin/../lib/gcc/arm-none-eabi/4.9.3/../../../../arm-none-eabi/lib/armv7e-m\libc.a(lib_a-__atexit.o)
 .ARM.attributes
                0x00000000       0x2e c:/program files/gnu tools arm embedded/4.9 2015q1/bin/../lib/gcc/arm-none-eabi/4.9.3/../../../../arm-none-eabi/lib/armv7e-m\libc.a(lib_a-__atexit.o)
 .data          0x00000000        0x0 ..\obj\main.o
 .bss           0x00000000        0x0 ..\obj\main.o
 .data          0x00000000        0x0 ..\obj\Button.o
 .bss           0x00000000        0x0 ..\obj\Button.o
 .data          0x00000000        0x0 ..\obj\stm32f4xx_hal_cortex.o
 .bss           0x00000000        0x0 ..\obj\stm32f4xx_hal_cortex.o
 .data          0x00000000        0x0 ..\obj\LedSM.o
 .bss           0x00000000        0x0 ..\obj\LedSM.o
 .data          0x00000000        0x0 ..\obj\configuration.o
 .bss           0x00000000        0x0 ..\obj\configuration.o
 .text          0x00000000       0x14 ..\obj\startup_stm32f429xx.o
 .data          0x00000000        0x0 ..\obj\startup_stm32f429xx.o
 .bss           0x00000000        0x0 ..\obj\startup_stm32f429xx.o
 .bss           0x00000000        0x0 ..\obj\system_stm32f4xx.o
 .data          0x00000000        0x0 ..\obj\stm32f4xx_hal.o
 .data          0x00000000        0x0 ..\obj\ButtonSM.o
 .bss           0x00000000        0x0 ..\obj\ButtonSM.o
 .data          0x00000000        0x0 ..\obj\stm32f4xx_it.o
 .bss           0x00000000        0x0 ..\obj\stm32f4xx_it.o
 .data          0x00000000        0x0 ..\obj\stm32f4xx_hal_gpio.o
 .bss           0x00000000        0x0 ..\obj\stm32f4xx_hal_gpio.o
 .text          0x00000000        0x0 ..\obj\Message.o
 .data          0x00000000        0x0 ..\obj\Message.o
 .data          0x00000000        0x0 ..\obj\LED.o
 .bss           0x00000000        0x0 ..\obj\LED.o
 .text          0x00000000        0x0 ..\obj\assembly.o
 .data          0x00000000        0x0 ..\obj\assembly.o
 .bss           0x00000000        0x0 ..\obj\assembly.o
 .data          0x00000000        0x0 ..\obj\Time.o
 .data          0x00000000        0x0 ..\obj\stm32f4xx_hal_rcc.o
 .bss           0x00000000        0x0 ..\obj\stm32f4xx_hal_rcc.o
 .text          0x00000000        0x0 c:/program files/gnu tools arm embedded/4.9 2015q1/bin/../lib/gcc/arm-none-eabi/4.9.3/armv7e-m/crtend.o
 .data          0x00000000        0x0 c:/program files/gnu tools arm embedded/4.9 2015q1/bin/../lib/gcc/arm-none-eabi/4.9.3/armv7e-m/crtend.o
 .bss           0x00000000        0x0 c:/program files/gnu tools arm embedded/4.9 2015q1/bin/../lib/gcc/arm-none-eabi/4.9.3/armv7e-m/crtend.o
 .eh_frame      0x00000000        0x4 c:/program files/gnu tools arm embedded/4.9 2015q1/bin/../lib/gcc/arm-none-eabi/4.9.3/armv7e-m/crtend.o
 .jcr           0x00000000        0x4 c:/program files/gnu tools arm embedded/4.9 2015q1/bin/../lib/gcc/arm-none-eabi/4.9.3/armv7e-m/crtend.o
 .ARM.attributes
                0x00000000       0x2e c:/program files/gnu tools arm embedded/4.9 2015q1/bin/../lib/gcc/arm-none-eabi/4.9.3/armv7e-m/crtend.o
 .text          0x00000000        0x0 c:/program files/gnu tools arm embedded/4.9 2015q1/bin/../lib/gcc/arm-none-eabi/4.9.3/armv7e-m/crtn.o
 .data          0x00000000        0x0 c:/program files/gnu tools arm embedded/4.9 2015q1/bin/../lib/gcc/arm-none-eabi/4.9.3/armv7e-m/crtn.o
 .bss           0x00000000        0x0 c:/program files/gnu tools arm embedded/4.9 2015q1/bin/../lib/gcc/arm-none-eabi/4.9.3/armv7e-m/crtn.o

Memory Configuration

Name             Origin             Length             Attributes
FLASH            0x08000000         0x00100000         xr
RAM              0x20000000         0x00020000         xrw
CCMRAM           0x10000000         0x00010000         rw
*default*        0x00000000         0xffffffff

Linker script and memory map

LOAD c:/program files/gnu tools arm embedded/4.9 2015q1/bin/../lib/gcc/arm-none-eabi/4.9.3/armv7e-m/crti.o
LOAD c:/program files/gnu tools arm embedded/4.9 2015q1/bin/../lib/gcc/arm-none-eabi/4.9.3/armv7e-m/crtbegin.o
LOAD c:/program files/gnu tools arm embedded/4.9 2015q1/bin/../lib/gcc/arm-none-eabi/4.9.3/../../../../arm-none-eabi/lib/armv7e-m/crt0.o
                0x2001ffff                _estack = 0x2001ffff
                0x00000200                _Min_Heap_Size = 0x200
                0x00000400                _Min_Stack_Size = 0x400

.isr_vector     0x08000000      0x1ac
                0x08000000                . = ALIGN (0x4)
 *(.isr_vector)
 .isr_vector    0x08000000      0x1ac ..\obj\startup_stm32f429xx.o
                0x08000000                g_pfnVectors
                0x080001ac                . = ALIGN (0x4)

.text           0x080001ac     0x2558
                0x080001ac                . = ALIGN (0x4)
 *(.text)
 .text          0x080001ac       0x5c c:/program files/gnu tools arm embedded/4.9 2015q1/bin/../lib/gcc/arm-none-eabi/4.9.3/armv7e-m/crtbegin.o
 .text          0x08000208      0x118 ..\obj\main.o
                0x080002a0                dummy
                0x080002bc                main
                0x080002f8                initSysTick
 .text          0x08000320       0x30 ..\obj\Button.o
                0x08000320                isButtonPressed
 .text          0x08000350      0x544 ..\obj\stm32f4xx_hal_cortex.o
                0x080006e4                HAL_NVIC_SetPriorityGrouping
                0x080006f8                HAL_NVIC_SetPriority
                0x08000730                HAL_NVIC_EnableIRQ
                0x0800074c                HAL_NVIC_DisableIRQ
                0x08000768                HAL_NVIC_SystemReset
                0x08000774                HAL_SYSTICK_Config
                0x0800078c                HAL_NVIC_GetPriorityGrouping
                0x0800079c                HAL_NVIC_GetPriority
                0x080007cc                HAL_NVIC_SetPendingIRQ
                0x080007e8                HAL_NVIC_GetPendingIRQ
                0x08000808                HAL_NVIC_ClearPendingIRQ
                0x08000824                HAL_NVIC_GetActive
                0x08000844                HAL_SYSTICK_CLKSourceConfig
                0x0800087c                HAL_SYSTICK_IRQHandler
                0x08000888                HAL_SYSTICK_Callback
 .text          0x08000894       0xf4 ..\obj\LedSM.o
                0x08000894                ledInitData
                0x080008ac                ledSM
 .text          0x08000988       0xec ..\obj\configuration.o
                0x08000988                initLED
                0x08000a2c                configButton
 .text          0x08000a74      0x154 ..\obj\system_stm32f4xx.o
                0x08000a74                SystemInit
                0x08000ad0                SystemCoreClockUpdate
 .text          0x08000bc8      0x368 ..\obj\stm32f4xx_hal.o
                0x08000bc8                HAL_Init
                0x08000c00                HAL_DeInit
                0x08000c58                HAL_MspInit
                0x08000c64                HAL_MspDeInit
                0x08000c70                HAL_InitTick
                0x08000ca8                HAL_IncTick
                0x08000cc4                HAL_GetTick
                0x08000cdc                HAL_Delay
                0x08000d08                HAL_SuspendTick
                0x08000d24                HAL_ResumeTick
                0x08000d40                HAL_GetHalVersion
                0x08000d54                HAL_GetREVID
                0x08000d6c                HAL_GetDEVID
                0x08000d88                HAL_DBGMCU_EnableDBGSleepMode
                0x08000da4                HAL_DBGMCU_DisableDBGSleepMode
                0x08000dc0                HAL_DBGMCU_EnableDBGStopMode
                0x08000ddc                HAL_DBGMCU_DisableDBGStopMode
                0x08000df8                HAL_DBGMCU_EnableDBGStandbyMode
                0x08000e14                HAL_DBGMCU_DisableDBGStandbyMode
                0x08000e30                HAL_EnableCompensationCell
                0x08000e70                HAL_DisableCompensationCell
                0x08000eb0                HAL_EnableMemorySwappingBank
                0x08000ef0                HAL_DisableMemorySwappingBank
 .text          0x08000f30       0x68 ..\obj\ButtonSM.o
                0x08000f30                buttonInitData
                0x08000f48                buttonSM
 .text          0x08000f98       0x5c ..\obj\stm32f4xx_it.o
                0x08000f98                NMI_Handler
                0x08000fa4                HardFault_Handler
                0x08000fac                MemManage_Handler
                0x08000fb4                BusFault_Handler
                0x08000fbc                UsageFault_Handler
                0x08000fc4                SVC_Handler
                0x08000fd0                DebugMon_Handler
                0x08000fdc                PendSV_Handler
                0x08000fe8                SysTick_Handler
 .text          0x08000ff4      0x674 ..\obj\stm32f4xx_hal_gpio.o
                0x08000ff4                HAL_GPIO_Init
                0x0800133c                HAL_GPIO_DeInit
                0x08001550                HAL_GPIO_ReadPin
                0x08001580                HAL_GPIO_WritePin
                0x080015b0                HAL_GPIO_TogglePin
                0x080015d4                HAL_GPIO_LockPin
                0x08001624                HAL_GPIO_EXTI_IRQHandler
                0x08001654                HAL_GPIO_EXTI_Callback
 .text          0x08001668       0xc0 ..\obj\LED.o
                0x08001668                turnOffLED
                0x080016c8                turnOnLED
 .text          0x08001728       0x90 ..\obj\Time.o
                0x08001728                updateCurrentTime
                0x0800175c                checkTime
                0x080017a8                getCurrentTime
 .text          0x080017b8      0xd74 ..\obj\stm32f4xx_hal_rcc.o
                0x080017b8                HAL_RCC_DeInit
                0x08001830                HAL_RCC_OscConfig
                0x08001ce8                HAL_RCC_ClockConfig
                0x08002004                HAL_RCC_MCOConfig
                0x080020c8                HAL_RCC_EnableCSS
                0x080020e0                HAL_RCC_DisableCSS
                0x080020f8                HAL_RCC_GetSysClockFreq
                0x08002210                HAL_RCC_GetHCLKFreq
                0x08002268                HAL_RCC_GetPCLK1Freq
                0x080022b4                HAL_RCC_GetPCLK2Freq
                0x08002300                HAL_RCC_GetOscConfig
                0x0800249c                HAL_RCC_GetClockConfig
                0x080024fc                HAL_RCC_NMI_IRQHandler
                0x08002520                HAL_RCC_CSSCallback
 *(.text*)
 .text.__libc_init_array
                0x0800252c       0x50 c:/program files/gnu tools arm embedded/4.9 2015q1/bin/../lib/gcc/arm-none-eabi/4.9.3/../../../../arm-none-eabi/lib/armv7e-m\libc.a(lib_a-init.o)
                0x0800252c                __libc_init_array
 .text.startup.register_fini
                0x0800257c       0x14 c:/program files/gnu tools arm embedded/4.9 2015q1/bin/../lib/gcc/arm-none-eabi/4.9.3/../../../../arm-none-eabi/lib/armv7e-m\libc.a(lib_a-__call_atexit.o)
 .text.atexit   0x08002590        0xc c:/program files/gnu tools arm embedded/4.9 2015q1/bin/../lib/gcc/arm-none-eabi/4.9.3/../../../../arm-none-eabi/lib/armv7e-m\libc.a(lib_a-atexit.o)
                0x08002590                atexit
 .text.__libc_fini_array
                0x0800259c       0x2c c:/program files/gnu tools arm embedded/4.9 2015q1/bin/../lib/gcc/arm-none-eabi/4.9.3/../../../../arm-none-eabi/lib/armv7e-m\libc.a(lib_a-fini.o)
                0x0800259c                __libc_fini_array
 .text.__register_exitproc
                0x080025c8       0xa4 c:/program files/gnu tools arm embedded/4.9 2015q1/bin/../lib/gcc/arm-none-eabi/4.9.3/../../../../arm-none-eabi/lib/armv7e-m\libc.a(lib_a-__atexit.o)
                0x080025c8                __register_exitproc
 .text.Reset_Handler
                0x0800266c       0x50 ..\obj\startup_stm32f429xx.o
                0x0800266c                Reset_Handler
 .text.Default_Handler
                0x080026bc        0x2 ..\obj\startup_stm32f429xx.o
                0x080026bc                RTC_Alarm_IRQHandler
                0x080026bc                HASH_RNG_IRQHandler
                0x080026bc                EXTI2_IRQHandler
                0x080026bc                TIM8_CC_IRQHandler
                0x080026bc                UART8_IRQHandler
                0x080026bc                SPI4_IRQHandler
                0x080026bc                TIM1_CC_IRQHandler
                0x080026bc                DMA2_Stream5_IRQHandler
                0x080026bc                DMA1_Stream5_IRQHandler
                0x080026bc                PVD_IRQHandler
                0x080026bc                SDIO_IRQHandler
                0x080026bc                TAMP_STAMP_IRQHandler
                0x080026bc                CAN2_RX1_IRQHandler
                0x080026bc                EXTI3_IRQHandler
                0x080026bc                TIM8_TRG_COM_TIM14_IRQHandler
                0x080026bc                TIM1_UP_TIM10_IRQHandler
                0x080026bc                TIM8_UP_TIM13_IRQHandler
                0x080026bc                I2C3_ER_IRQHandler
                0x080026bc                EXTI0_IRQHandler
                0x080026bc                I2C2_EV_IRQHandler
                0x080026bc                DMA1_Stream2_IRQHandler
                0x080026bc                CAN1_RX0_IRQHandler
                0x080026bc                FPU_IRQHandler
                0x080026bc                OTG_HS_WKUP_IRQHandler
                0x080026bc                LTDC_ER_IRQHandler
                0x080026bc                CAN2_SCE_IRQHandler
                0x080026bc                DMA2_Stream2_IRQHandler
                0x080026bc                SPI1_IRQHandler
                0x080026bc                TIM6_DAC_IRQHandler
                0x080026bc                TIM1_BRK_TIM9_IRQHandler
                0x080026bc                DCMI_IRQHandler
                0x080026bc                CAN2_RX0_IRQHandler
                0x080026bc                DMA2_Stream3_IRQHandler
                0x080026bc                USART6_IRQHandler
                0x080026bc                USART3_IRQHandler
                0x080026bc                CAN1_RX1_IRQHandler
                0x080026bc                UART5_IRQHandler
                0x080026bc                DMA2_Stream0_IRQHandler
                0x080026bc                TIM4_IRQHandler
                0x080026bc                I2C1_EV_IRQHandler
                0x080026bc                DMA1_Stream6_IRQHandler
                0x080026bc                DMA1_Stream1_IRQHandler
                0x080026bc                UART4_IRQHandler
                0x080026bc                TIM3_IRQHandler
                0x080026bc                RCC_IRQHandler
                0x080026bc                TIM8_BRK_TIM12_IRQHandler
                0x080026bc                Default_Handler
                0x080026bc                EXTI15_10_IRQHandler
                0x080026bc                ADC_IRQHandler
                0x080026bc                DMA1_Stream7_IRQHandler
                0x080026bc                SPI5_IRQHandler
                0x080026bc                TIM7_IRQHandler
                0x080026bc                CAN2_TX_IRQHandler
                0x080026bc                TIM5_IRQHandler
                0x080026bc                DMA2_Stream7_IRQHandler
                0x080026bc                I2C3_EV_IRQHandler
                0x080026bc                EXTI9_5_IRQHandler
                0x080026bc                RTC_WKUP_IRQHandler
                0x080026bc                LTDC_IRQHandler
                0x080026bc                ETH_WKUP_IRQHandler
                0x080026bc                SPI2_IRQHandler
                0x080026bc                OTG_HS_EP1_IN_IRQHandler
                0x080026bc                DMA1_Stream0_IRQHandler
                0x080026bc                CAN1_TX_IRQHandler
                0x080026bc                EXTI4_IRQHandler
                0x080026bc                ETH_IRQHandler
                0x080026bc                OTG_HS_EP1_OUT_IRQHandler
                0x080026bc                WWDG_IRQHandler
                0x080026bc                SPI6_IRQHandler
                0x080026bc                TIM2_IRQHandler
                0x080026bc                OTG_FS_WKUP_IRQHandler
                0x080026bc                TIM1_TRG_COM_TIM11_IRQHandler
                0x080026bc                OTG_HS_IRQHandler
                0x080026bc                DMA2D_IRQHandler
                0x080026bc                EXTI1_IRQHandler
                0x080026bc                UART7_IRQHandler
                0x080026bc                USART2_IRQHandler
                0x080026bc                I2C2_ER_IRQHandler
                0x080026bc                DMA2_Stream1_IRQHandler
                0x080026bc                CAN1_SCE_IRQHandler
                0x080026bc                FLASH_IRQHandler
                0x080026bc                DMA2_Stream4_IRQHandler
                0x080026bc                USART1_IRQHandler
                0x080026bc                OTG_FS_IRQHandler
                0x080026bc                SPI3_IRQHandler
                0x080026bc                DMA1_Stream4_IRQHandler
                0x080026bc                I2C1_ER_IRQHandler
                0x080026bc                FMC_IRQHandler
                0x080026bc                DMA2_Stream6_IRQHandler
                0x080026bc                SAI1_IRQHandler
                0x080026bc                DMA1_Stream3_IRQHandler
 *fill*         0x080026be        0x2 
 .text.testFunc
                0x080026c0       0x2c ..\obj\assembly.o
                0x080026c0                testFunc
 *(.glue_7)
 .glue_7        0x00000000        0x0 linker stubs
 *(.glue_7t)
 .glue_7t       0x00000000        0x0 linker stubs
 *(.eh_frame)
 .eh_frame      0x080026ec        0x0 c:/program files/gnu tools arm embedded/4.9 2015q1/bin/../lib/gcc/arm-none-eabi/4.9.3/armv7e-m/crtbegin.o
 *(.init)
 .init          0x080026ec        0x4 c:/program files/gnu tools arm embedded/4.9 2015q1/bin/../lib/gcc/arm-none-eabi/4.9.3/armv7e-m/crti.o
                0x080026ec                _init
 .init          0x080026f0        0x8 c:/program files/gnu tools arm embedded/4.9 2015q1/bin/../lib/gcc/arm-none-eabi/4.9.3/armv7e-m/crtn.o
 *(.fini)
 .fini          0x080026f8        0x4 c:/program files/gnu tools arm embedded/4.9 2015q1/bin/../lib/gcc/arm-none-eabi/4.9.3/armv7e-m/crti.o
                0x080026f8                _fini
 .fini          0x080026fc        0x8 c:/program files/gnu tools arm embedded/4.9 2015q1/bin/../lib/gcc/arm-none-eabi/4.9.3/armv7e-m/crtn.o
                0x08002704                . = ALIGN (0x4)
                0x08002704                _etext = .

.vfp11_veneer   0x08002704        0x0
 .vfp11_veneer  0x00000000        0x0 linker stubs

.v4_bx          0x08002704        0x0
 .v4_bx         0x00000000        0x0 linker stubs

.iplt           0x08002704        0x0
 .iplt          0x00000000        0x0 c:/program files/gnu tools arm embedded/4.9 2015q1/bin/../lib/gcc/arm-none-eabi/4.9.3/armv7e-m/crtbegin.o

.rodata         0x08002704       0x18
                0x08002704                . = ALIGN (0x4)
 *(.rodata)
 .rodata        0x08002704       0x10 ..\obj\stm32f4xx_hal_rcc.o
                0x08002704                APBAHBPrescTable
 *(.rodata*)
 .rodata.str1.4
                0x08002714        0x4 c:/program files/gnu tools arm embedded/4.9 2015q1/bin/../lib/gcc/arm-none-eabi/4.9.3/../../../../arm-none-eabi/lib/armv7e-m\libc.a(lib_a-impure.o)
 .rodata._global_impure_ptr
                0x08002718        0x4 c:/program files/gnu tools arm embedded/4.9 2015q1/bin/../lib/gcc/arm-none-eabi/4.9.3/../../../../arm-none-eabi/lib/armv7e-m\libc.a(lib_a-impure.o)
                0x08002718                _global_impure_ptr
                0x0800271c                . = ALIGN (0x4)

.rel.dyn        0x0800271c        0x0
 .rel.iplt      0x00000000        0x0 c:/program files/gnu tools arm embedded/4.9 2015q1/bin/../lib/gcc/arm-none-eabi/4.9.3/armv7e-m/crtbegin.o

.ARM.extab
 *(.ARM.extab* .gnu.linkonce.armextab.*)

.ARM            0x0800271c        0x0
                0x0800271c                __exidx_start = .
 *(.ARM.exidx*)
                0x0800271c                __exidx_end = .

.preinit_array  0x0800271c        0x0
                0x0800271c                PROVIDE (__preinit_array_start, .)
 *(.preinit_array*)
                0x0800271c                PROVIDE (__preinit_array_end, .)

.init_array     0x0800271c        0x8
                0x0800271c                PROVIDE (__init_array_start, .)
 *(SORT(.init_array.*))
 .init_array.00000
                0x0800271c        0x4 c:/program files/gnu tools arm embedded/4.9 2015q1/bin/../lib/gcc/arm-none-eabi/4.9.3/../../../../arm-none-eabi/lib/armv7e-m\libc.a(lib_a-__call_atexit.o)
 *(.init_array*)
 .init_array    0x08002720        0x4 c:/program files/gnu tools arm embedded/4.9 2015q1/bin/../lib/gcc/arm-none-eabi/4.9.3/armv7e-m/crtbegin.o
                0x08002724                PROVIDE (__init_array_end, .)

.fini_array     0x08002724        0x4
                0x08002724                PROVIDE (__fini_array_start, .)
 *(SORT(.fini_array.*))
 *(.fini_array*)
 .fini_array    0x08002724        0x4 c:/program files/gnu tools arm embedded/4.9 2015q1/bin/../lib/gcc/arm-none-eabi/4.9.3/armv7e-m/crtbegin.o
                0x08002728                PROVIDE (__fini_array_end, .)
                0x08002728                _sidata = LOADADDR (.data)

.data           0x20000000      0x440 load address 0x08002728
                0x20000000                . = ALIGN (0x4)
                0x20000000                _sdata = .
 *(.data)
 .data          0x20000000       0x14 ..\obj\system_stm32f4xx.o
                0x20000000                SystemCoreClock
                0x20000004                AHBPrescTable
 *(.data*)
 *fill*         0x20000014        0x4 
 .data.impure_data
                0x20000018      0x428 c:/program files/gnu tools arm embedded/4.9 2015q1/bin/../lib/gcc/arm-none-eabi/4.9.3/../../../../arm-none-eabi/lib/armv7e-m\libc.a(lib_a-impure.o)
                0x20000440                . = ALIGN (0x4)
                0x20000440                _edata = .
                0x08002b68                _siccmram = LOADADDR (.ccmram)

.jcr            0x20000440        0x0 load address 0x08002b68
 .jcr           0x20000440        0x0 c:/program files/gnu tools arm embedded/4.9 2015q1/bin/../lib/gcc/arm-none-eabi/4.9.3/armv7e-m/crtbegin.o

.igot.plt       0x20000440        0x0 load address 0x08002b68
 .igot.plt      0x00000000        0x0 c:/program files/gnu tools arm embedded/4.9 2015q1/bin/../lib/gcc/arm-none-eabi/4.9.3/armv7e-m/crtbegin.o

.ccmram         0x10000000        0x0 load address 0x08002b68
                0x10000000                . = ALIGN (0x4)
                0x10000000                _sccmram = .
 *(.ccmram)
 *(.ccmram*)
                0x10000000                . = ALIGN (0x4)
                0x10000000                _eccmram = .
                0x10000000                . = ALIGN (0x4)

.bss            0x20000440       0x40
                0x20000440                _sbss = .
                0x20000440                __bss_start__ = _sbss
 *(.bss)
 .bss           0x20000440       0x1c c:/program files/gnu tools arm embedded/4.9 2015q1/bin/../lib/gcc/arm-none-eabi/4.9.3/armv7e-m/crtbegin.o
 .bss           0x2000045c        0x4 ..\obj\stm32f4xx_hal.o
 .bss           0x20000460        0x1 ..\obj\Message.o
                0x20000460                msg
 *fill*         0x20000461        0x3 
 .bss           0x20000464       0x1c ..\obj\Time.o
                0x20000464                currentTime
 *(.bss*)
 *(COMMON)
                0x20000480                . = ALIGN (0x4)
                0x20000480                _ebss = .
                0x20000480                __bss_end__ = _ebss

._user_heap_stack
                0x20000480      0x600
                0x20000480                . = ALIGN (0x4)
                0x20000480                PROVIDE (end, .)
                0x20000480                PROVIDE (_end, .)
                0x20000680                . = (. + _Min_Heap_Size)
 *fill*         0x20000480      0x200 
                0x20000a80                . = (. + _Min_Stack_Size)
 *fill*         0x20000680      0x400 
                0x20000a80                . = ALIGN (0x4)

/DISCARD/
 libc.a(*)
 libm.a(*)
 libgcc.a(*)

.ARM.attributes
                0x00000000       0x2a
 *(.ARM.attributes)
 .ARM.attributes
                0x00000000       0x1e c:/program files/gnu tools arm embedded/4.9 2015q1/bin/../lib/gcc/arm-none-eabi/4.9.3/armv7e-m/crti.o
 .ARM.attributes
                0x0000001e       0x2e c:/program files/gnu tools arm embedded/4.9 2015q1/bin/../lib/gcc/arm-none-eabi/4.9.3/armv7e-m/crtbegin.o
 .ARM.attributes
                0x0000004c       0x33 ..\obj\main.o
 .ARM.attributes
                0x0000007f       0x33 ..\obj\Button.o
 .ARM.attributes
                0x000000b2       0x33 ..\obj\stm32f4xx_hal_cortex.o
 .ARM.attributes
                0x000000e5       0x33 ..\obj\LedSM.o
 .ARM.attributes
                0x00000118       0x33 ..\obj\configuration.o
 .ARM.attributes
                0x0000014b       0x21 ..\obj\startup_stm32f429xx.o
 .ARM.attributes
                0x0000016c       0x33 ..\obj\system_stm32f4xx.o
 .ARM.attributes
                0x0000019f       0x33 ..\obj\stm32f4xx_hal.o
 .ARM.attributes
                0x000001d2       0x33 ..\obj\ButtonSM.o
 .ARM.attributes
                0x00000205       0x33 ..\obj\stm32f4xx_it.o
 .ARM.attributes
                0x00000238       0x33 ..\obj\stm32f4xx_hal_gpio.o
 .ARM.attributes
                0x0000026b       0x33 ..\obj\Message.o
 .ARM.attributes
                0x0000029e       0x33 ..\obj\LED.o
 .ARM.attributes
                0x000002d1       0x21 ..\obj\assembly.o
 .ARM.attributes
                0x000002f2       0x33 ..\obj\Time.o
 .ARM.attributes
                0x00000325       0x33 ..\obj\stm32f4xx_hal_rcc.o
 .ARM.attributes
                0x00000358       0x1e c:/program files/gnu tools arm embedded/4.9 2015q1/bin/../lib/gcc/arm-none-eabi/4.9.3/armv7e-m/crtn.o
LOAD ..\obj\main.o
LOAD ..\obj\Button.o
LOAD ..\obj\stm32f4xx_hal_cortex.o
LOAD ..\obj\LedSM.o
LOAD ..\obj\configuration.o
LOAD ..\obj\startup_stm32f429xx.o
LOAD ..\obj\system_stm32f4xx.o
LOAD ..\obj\stm32f4xx_hal.o
LOAD ..\obj\ButtonSM.o
LOAD ..\obj\stm32f4xx_it.o
LOAD ..\obj\stm32f4xx_hal_gpio.o
LOAD ..\obj\Message.o
LOAD ..\obj\LED.o
LOAD ..\obj\assembly.o
LOAD ..\obj\Time.o
LOAD ..\obj\stm32f4xx_hal_rcc.o
START GROUP
LOAD c:/program files/gnu tools arm embedded/4.9 2015q1/bin/../lib/gcc/arm-none-eabi/4.9.3/armv7e-m\libgcc.a
LOAD c:/program files/gnu tools arm embedded/4.9 2015q1/bin/../lib/gcc/arm-none-eabi/4.9.3/../../../../arm-none-eabi/lib/armv7e-m\libg.a
LOAD c:/program files/gnu tools arm embedded/4.9 2015q1/bin/../lib/gcc/arm-none-eabi/4.9.3/../../../../arm-none-eabi/lib/armv7e-m\libc.a
END GROUP
LOAD c:/program files/gnu tools arm embedded/4.9 2015q1/bin/../lib/gcc/arm-none-eabi/4.9.3/armv7e-m/crtend.o
LOAD c:/program files/gnu tools arm embedded/4.9 2015q1/bin/../lib/gcc/arm-none-eabi/4.9.3/armv7e-m/crtn.o
OUTPUT(BlinkingWithButton.elf elf32-littlearm)

.debug_info     0x00000000     0x46db
 .debug_info    0x00000000      0x7bf ..\obj\main.o
 .debug_info    0x000007bf      0x1ba ..\obj\Button.o
 .debug_info    0x00000979      0xbac ..\obj\stm32f4xx_hal_cortex.o
 .debug_info    0x00001525      0x1bb ..\obj\LedSM.o
 .debug_info    0x000016e0      0x427 ..\obj\configuration.o
 .debug_info    0x00001b07       0xc5 ..\obj\startup_stm32f429xx.o
 .debug_info    0x00001bcc      0x4b4 ..\obj\system_stm32f4xx.o
 .debug_info    0x00002080      0xa1c ..\obj\stm32f4xx_hal.o
 .debug_info    0x00002a9c      0x178 ..\obj\ButtonSM.o
 .debug_info    0x00002c14      0x13a ..\obj\stm32f4xx_it.o
 .debug_info    0x00002d4e      0x712 ..\obj\stm32f4xx_hal_gpio.o
 .debug_info    0x00003460       0x4b ..\obj\Message.o
 .debug_info    0x000034ab      0x1f0 ..\obj\LED.o
 .debug_info    0x0000369b       0xbe ..\obj\assembly.o
 .debug_info    0x00003759      0x15b ..\obj\Time.o
 .debug_info    0x000038b4      0xe27 ..\obj\stm32f4xx_hal_rcc.o

.debug_abbrev   0x00000000     0x118d
 .debug_abbrev  0x00000000      0x1c4 ..\obj\main.o
 .debug_abbrev  0x000001c4       0xd8 ..\obj\Button.o
 .debug_abbrev  0x0000029c      0x299 ..\obj\stm32f4xx_hal_cortex.o
 .debug_abbrev  0x00000535       0xde ..\obj\LedSM.o
 .debug_abbrev  0x00000613       0xff ..\obj\configuration.o
 .debug_abbrev  0x00000712       0x12 ..\obj\startup_stm32f429xx.o
 .debug_abbrev  0x00000724       0xff ..\obj\system_stm32f4xx.o
 .debug_abbrev  0x00000823      0x1ff ..\obj\stm32f4xx_hal.o
 .debug_abbrev  0x00000a22       0xde ..\obj\ButtonSM.o
 .debug_abbrev  0x00000b00       0x7f ..\obj\stm32f4xx_it.o
 .debug_abbrev  0x00000b7f      0x1aa ..\obj\stm32f4xx_hal_gpio.o
 .debug_abbrev  0x00000d29       0x42 ..\obj\Message.o
 .debug_abbrev  0x00000d6b       0xd8 ..\obj\LED.o
 .debug_abbrev  0x00000e43       0x14 ..\obj\assembly.o
 .debug_abbrev  0x00000e57       0xdc ..\obj\Time.o
 .debug_abbrev  0x00000f33      0x25a ..\obj\stm32f4xx_hal_rcc.o

.debug_aranges  0x00000000      0x200
 .debug_aranges
                0x00000000       0x20 ..\obj\main.o
 .debug_aranges
                0x00000020       0x20 ..\obj\Button.o
 .debug_aranges
                0x00000040       0x20 ..\obj\stm32f4xx_hal_cortex.o
 .debug_aranges
                0x00000060       0x20 ..\obj\LedSM.o
 .debug_aranges
                0x00000080       0x20 ..\obj\configuration.o
 .debug_aranges
                0x000000a0       0x28 ..\obj\startup_stm32f429xx.o
 .debug_aranges
                0x000000c8       0x20 ..\obj\system_stm32f4xx.o
 .debug_aranges
                0x000000e8       0x20 ..\obj\stm32f4xx_hal.o
 .debug_aranges
                0x00000108       0x20 ..\obj\ButtonSM.o
 .debug_aranges
                0x00000128       0x20 ..\obj\stm32f4xx_it.o
 .debug_aranges
                0x00000148       0x20 ..\obj\stm32f4xx_hal_gpio.o
 .debug_aranges
                0x00000168       0x18 ..\obj\Message.o
 .debug_aranges
                0x00000180       0x20 ..\obj\LED.o
 .debug_aranges
                0x000001a0       0x20 ..\obj\assembly.o
 .debug_aranges
                0x000001c0       0x20 ..\obj\Time.o
 .debug_aranges
                0x000001e0       0x20 ..\obj\stm32f4xx_hal_rcc.o

.debug_line     0x00000000     0x1fd5
 .debug_line    0x00000000      0x1bf ..\obj\main.o
 .debug_line    0x000001bf      0x1c0 ..\obj\Button.o
 .debug_line    0x0000037f      0x339 ..\obj\stm32f4xx_hal_cortex.o
 .debug_line    0x000006b8      0x180 ..\obj\LedSM.o
 .debug_line    0x00000838      0x1d6 ..\obj\configuration.o
 .debug_line    0x00000a0e       0xad ..\obj\startup_stm32f429xx.o
 .debug_line    0x00000abb      0x174 ..\obj\system_stm32f4xx.o
 .debug_line    0x00000c2f      0x340 ..\obj\stm32f4xx_hal.o
 .debug_line    0x00000f6f      0x170 ..\obj\ButtonSM.o
 .debug_line    0x000010df      0x16a ..\obj\stm32f4xx_it.o
 .debug_line    0x00001249      0x3e8 ..\obj\stm32f4xx_hal_gpio.o
 .debug_line    0x00001631       0x70 ..\obj\Message.o
 .debug_line    0x000016a1      0x1d1 ..\obj\LED.o
 .debug_line    0x00001872       0x84 ..\obj\assembly.o
 .debug_line    0x000018f6      0x143 ..\obj\Time.o
 .debug_line    0x00001a39      0x59c ..\obj\stm32f4xx_hal_rcc.o

.debug_str      0x00000000     0x1802
 .debug_str     0x00000000      0x86a ..\obj\main.o
                                0x8de (size before relaxing)
 .debug_str     0x0000086a       0xc3 ..\obj\Button.o
                                0x24c (size before relaxing)
 .debug_str     0x0000092d      0x277 ..\obj\stm32f4xx_hal_cortex.o
                                0xb59 (size before relaxing)
 .debug_str     0x00000ba4       0x8b ..\obj\LedSM.o
                                0x268 (size before relaxing)
 .debug_str     0x00000c2f      0x16c ..\obj\configuration.o
                                0x36e (size before relaxing)
 .debug_str     0x00000d9b       0x88 ..\obj\system_stm32f4xx.o
                                0x344 (size before relaxing)
 .debug_str     0x00000e23      0x2fd ..\obj\stm32f4xx_hal.o
                                0xb1e (size before relaxing)
 .debug_str     0x00001120       0x5c ..\obj\ButtonSM.o
                                0x247 (size before relaxing)
 .debug_str     0x0000117c       0xd8 ..\obj\stm32f4xx_it.o
                                0x244 (size before relaxing)
 .debug_str     0x00001254      0x180 ..\obj\stm32f4xx_hal_gpio.o
                                0x51d (size before relaxing)
 .debug_str     0x000013d4       0x43 ..\obj\Message.o
                                 0xcb (size before relaxing)
 .debug_str     0x00001417       0x54 ..\obj\LED.o
                                0x24a (size before relaxing)
 .debug_str     0x0000146b       0x9c ..\obj\Time.o
                                0x21c (size before relaxing)
 .debug_str     0x00001507      0x2fb ..\obj\stm32f4xx_hal_rcc.o
                                0x6d7 (size before relaxing)

.comment        0x00000000       0x70
 .comment       0x00000000       0x70 ..\obj\main.o
                                 0x71 (size before relaxing)
 .comment       0x00000000       0x71 ..\obj\Button.o
 .comment       0x00000000       0x71 ..\obj\stm32f4xx_hal_cortex.o
 .comment       0x00000000       0x71 ..\obj\LedSM.o
 .comment       0x00000000       0x71 ..\obj\configuration.o
 .comment       0x00000000       0x71 ..\obj\system_stm32f4xx.o
 .comment       0x00000000       0x71 ..\obj\stm32f4xx_hal.o
 .comment       0x00000000       0x71 ..\obj\ButtonSM.o
 .comment       0x00000000       0x71 ..\obj\stm32f4xx_it.o
 .comment       0x00000000       0x71 ..\obj\stm32f4xx_hal_gpio.o
 .comment       0x00000000       0x71 ..\obj\Message.o
 .comment       0x00000000       0x71 ..\obj\LED.o
 .comment       0x00000000       0x71 ..\obj\Time.o
 .comment       0x00000000       0x71 ..\obj\stm32f4xx_hal_rcc.o

.debug_frame    0x00000000      0xeb8
 .debug_frame   0x00000000       0xc0 ..\obj\main.o
 .debug_frame   0x000000c0       0x34 ..\obj\Button.o
 .debug_frame   0x000000f4      0x428 ..\obj\stm32f4xx_hal_cortex.o
 .debug_frame   0x0000051c       0x5c ..\obj\LedSM.o
 .debug_frame   0x00000578       0x58 ..\obj\configuration.o
 .debug_frame   0x000005d0       0x58 ..\obj\system_stm32f4xx.o
 .debug_frame   0x00000628      0x310 ..\obj\stm32f4xx_hal.o
 .debug_frame   0x00000938       0x5c ..\obj\ButtonSM.o
 .debug_frame   0x00000994      0x10c ..\obj\stm32f4xx_it.o
 .debug_frame   0x00000aa0      0x14c ..\obj\stm32f4xx_hal_gpio.o
 .debug_frame   0x00000bec       0x58 ..\obj\LED.o
 .debug_frame   0x00000c44       0x70 ..\obj\Time.o
 .debug_frame   0x00000cb4      0x204 ..\obj\stm32f4xx_hal_rcc.o

.debug_ranges   0x00000000       0x20
 .debug_ranges  0x00000000       0x20 ..\obj\startup_stm32f429xx.o
