Archive member included because of file (symbol)

c:/program files/gnu tools arm embedded/4.9 2015q1/bin/../lib/gcc/arm-none-eabi/4.9.3/../../../../arm-none-eabi/lib/armv7e-m\libc.a(lib_a-exit.o)
                              c:/program files/gnu tools arm embedded/4.9 2015q1/bin/../lib/gcc/arm-none-eabi/4.9.3/../../../../arm-none-eabi/lib/armv7e-m/crt0.o (exit)
c:/program files/gnu tools arm embedded/4.9 2015q1/bin/../lib/gcc/arm-none-eabi/4.9.3/../../../../arm-none-eabi/lib/armv7e-m\libc.a(lib_a-impure.o)
                              c:/program files/gnu tools arm embedded/4.9 2015q1/bin/../lib/gcc/arm-none-eabi/4.9.3/../../../../arm-none-eabi/lib/armv7e-m\libc.a(lib_a-exit.o) (_global_impure_ptr)
c:/program files/gnu tools arm embedded/4.9 2015q1/bin/../lib/gcc/arm-none-eabi/4.9.3/../../../../arm-none-eabi/lib/armv7e-m\libc.a(lib_a-init.o)
                              c:/program files/gnu tools arm embedded/4.9 2015q1/bin/../lib/gcc/arm-none-eabi/4.9.3/../../../../arm-none-eabi/lib/armv7e-m/crt0.o (__libc_init_array)
c:/program files/gnu tools arm embedded/4.9 2015q1/bin/../lib/gcc/arm-none-eabi/4.9.3/../../../../arm-none-eabi/lib/armv7e-m\libc.a(lib_a-memset.o)
                              c:/program files/gnu tools arm embedded/4.9 2015q1/bin/../lib/gcc/arm-none-eabi/4.9.3/../../../../arm-none-eabi/lib/armv7e-m/crt0.o (memset)
c:/program files/gnu tools arm embedded/4.9 2015q1/bin/../lib/gcc/arm-none-eabi/4.9.3/../../../../arm-none-eabi/lib/armv7e-m\libc.a(lib_a-__call_atexit.o)
                              c:/program files/gnu tools arm embedded/4.9 2015q1/bin/../lib/gcc/arm-none-eabi/4.9.3/../../../../arm-none-eabi/lib/armv7e-m\libc.a(lib_a-exit.o) (__call_exitprocs)
c:/program files/gnu tools arm embedded/4.9 2015q1/bin/../lib/gcc/arm-none-eabi/4.9.3/../../../../arm-none-eabi/lib/armv7e-m\libc.a(lib_a-atexit.o)
                              c:/program files/gnu tools arm embedded/4.9 2015q1/bin/../lib/gcc/arm-none-eabi/4.9.3/../../../../arm-none-eabi/lib/armv7e-m\libc.a(lib_a-__call_atexit.o) (atexit)
c:/program files/gnu tools arm embedded/4.9 2015q1/bin/../lib/gcc/arm-none-eabi/4.9.3/../../../../arm-none-eabi/lib/armv7e-m\libc.a(lib_a-fini.o)
                              c:/program files/gnu tools arm embedded/4.9 2015q1/bin/../lib/gcc/arm-none-eabi/4.9.3/../../../../arm-none-eabi/lib/armv7e-m\libc.a(lib_a-__call_atexit.o) (__libc_fini_array)
c:/program files/gnu tools arm embedded/4.9 2015q1/bin/../lib/gcc/arm-none-eabi/4.9.3/../../../../arm-none-eabi/lib/armv7e-m\libc.a(lib_a-__atexit.o)
                              c:/program files/gnu tools arm embedded/4.9 2015q1/bin/../lib/gcc/arm-none-eabi/4.9.3/../../../../arm-none-eabi/lib/armv7e-m\libc.a(lib_a-atexit.o) (__register_exitproc)

Allocating common symbols
Common symbol       size              file

taskTwoTcb          0x8               ..\obj\Task.o
taskOneTcb          0x8               ..\obj\Task.o
taskTwoStack        0x404             ..\obj\Task.o
mainTcb             0x8               ..\obj\Task.o
taskOneStack        0x404             ..\obj\Task.o

Discarded input sections

 .text          0x00000000        0x0 c:/program files/gnu tools arm embedded/4.9 2015q1/bin/../lib/gcc/arm-none-eabi/4.9.3/armv7e-m/crti.o
 .data          0x00000000        0x0 c:/program files/gnu tools arm embedded/4.9 2015q1/bin/../lib/gcc/arm-none-eabi/4.9.3/armv7e-m/crti.o
 .bss           0x00000000        0x0 c:/program files/gnu tools arm embedded/4.9 2015q1/bin/../lib/gcc/arm-none-eabi/4.9.3/armv7e-m/crti.o
 .data          0x00000000        0x4 c:/program files/gnu tools arm embedded/4.9 2015q1/bin/../lib/gcc/arm-none-eabi/4.9.3/armv7e-m/crtbegin.o
 .text          0x00000000       0x74 c:/program files/gnu tools arm embedded/4.9 2015q1/bin/../lib/gcc/arm-none-eabi/4.9.3/../../../../arm-none-eabi/lib/armv7e-m/crt0.o
 .data          0x00000000        0x0 c:/program files/gnu tools arm embedded/4.9 2015q1/bin/../lib/gcc/arm-none-eabi/4.9.3/../../../../arm-none-eabi/lib/armv7e-m/crt0.o
 .bss           0x00000000        0x0 c:/program files/gnu tools arm embedded/4.9 2015q1/bin/../lib/gcc/arm-none-eabi/4.9.3/../../../../arm-none-eabi/lib/armv7e-m/crt0.o
 .ARM.extab     0x00000000        0x0 c:/program files/gnu tools arm embedded/4.9 2015q1/bin/../lib/gcc/arm-none-eabi/4.9.3/../../../../arm-none-eabi/lib/armv7e-m/crt0.o
 .ARM.exidx     0x00000000        0x8 c:/program files/gnu tools arm embedded/4.9 2015q1/bin/../lib/gcc/arm-none-eabi/4.9.3/../../../../arm-none-eabi/lib/armv7e-m/crt0.o
 .ARM.attributes
                0x00000000       0x1c c:/program files/gnu tools arm embedded/4.9 2015q1/bin/../lib/gcc/arm-none-eabi/4.9.3/../../../../arm-none-eabi/lib/armv7e-m/crt0.o
 .text          0x00000000        0x0 c:/program files/gnu tools arm embedded/4.9 2015q1/bin/../lib/gcc/arm-none-eabi/4.9.3/../../../../arm-none-eabi/lib/armv7e-m\libc.a(lib_a-exit.o)
 .data          0x00000000        0x0 c:/program files/gnu tools arm embedded/4.9 2015q1/bin/../lib/gcc/arm-none-eabi/4.9.3/../../../../arm-none-eabi/lib/armv7e-m\libc.a(lib_a-exit.o)
 .bss           0x00000000        0x0 c:/program files/gnu tools arm embedded/4.9 2015q1/bin/../lib/gcc/arm-none-eabi/4.9.3/../../../../arm-none-eabi/lib/armv7e-m\libc.a(lib_a-exit.o)
 .text.exit     0x00000000       0x20 c:/program files/gnu tools arm embedded/4.9 2015q1/bin/../lib/gcc/arm-none-eabi/4.9.3/../../../../arm-none-eabi/lib/armv7e-m\libc.a(lib_a-exit.o)
 .debug_frame   0x00000000       0x28 c:/program files/gnu tools arm embedded/4.9 2015q1/bin/../lib/gcc/arm-none-eabi/4.9.3/../../../../arm-none-eabi/lib/armv7e-m\libc.a(lib_a-exit.o)
 .ARM.attributes
                0x00000000       0x2e c:/program files/gnu tools arm embedded/4.9 2015q1/bin/../lib/gcc/arm-none-eabi/4.9.3/../../../../arm-none-eabi/lib/armv7e-m\libc.a(lib_a-exit.o)
 .text          0x00000000        0x0 c:/program files/gnu tools arm embedded/4.9 2015q1/bin/../lib/gcc/arm-none-eabi/4.9.3/../../../../arm-none-eabi/lib/armv7e-m\libc.a(lib_a-impure.o)
 .data          0x00000000        0x0 c:/program files/gnu tools arm embedded/4.9 2015q1/bin/../lib/gcc/arm-none-eabi/4.9.3/../../../../arm-none-eabi/lib/armv7e-m\libc.a(lib_a-impure.o)
 .bss           0x00000000        0x0 c:/program files/gnu tools arm embedded/4.9 2015q1/bin/../lib/gcc/arm-none-eabi/4.9.3/../../../../arm-none-eabi/lib/armv7e-m\libc.a(lib_a-impure.o)
 .data._impure_ptr
                0x00000000        0x4 c:/program files/gnu tools arm embedded/4.9 2015q1/bin/../lib/gcc/arm-none-eabi/4.9.3/../../../../arm-none-eabi/lib/armv7e-m\libc.a(lib_a-impure.o)
 .ARM.attributes
                0x00000000       0x2e c:/program files/gnu tools arm embedded/4.9 2015q1/bin/../lib/gcc/arm-none-eabi/4.9.3/../../../../arm-none-eabi/lib/armv7e-m\libc.a(lib_a-impure.o)
 .text          0x00000000        0x0 c:/program files/gnu tools arm embedded/4.9 2015q1/bin/../lib/gcc/arm-none-eabi/4.9.3/../../../../arm-none-eabi/lib/armv7e-m\libc.a(lib_a-init.o)
 .data          0x00000000        0x0 c:/program files/gnu tools arm embedded/4.9 2015q1/bin/../lib/gcc/arm-none-eabi/4.9.3/../../../../arm-none-eabi/lib/armv7e-m\libc.a(lib_a-init.o)
 .bss           0x00000000        0x0 c:/program files/gnu tools arm embedded/4.9 2015q1/bin/../lib/gcc/arm-none-eabi/4.9.3/../../../../arm-none-eabi/lib/armv7e-m\libc.a(lib_a-init.o)
 .debug_frame   0x00000000       0x2c c:/program files/gnu tools arm embedded/4.9 2015q1/bin/../lib/gcc/arm-none-eabi/4.9.3/../../../../arm-none-eabi/lib/armv7e-m\libc.a(lib_a-init.o)
 .ARM.attributes
                0x00000000       0x2e c:/program files/gnu tools arm embedded/4.9 2015q1/bin/../lib/gcc/arm-none-eabi/4.9.3/../../../../arm-none-eabi/lib/armv7e-m\libc.a(lib_a-init.o)
 .text          0x00000000        0x0 c:/program files/gnu tools arm embedded/4.9 2015q1/bin/../lib/gcc/arm-none-eabi/4.9.3/../../../../arm-none-eabi/lib/armv7e-m\libc.a(lib_a-memset.o)
 .data          0x00000000        0x0 c:/program files/gnu tools arm embedded/4.9 2015q1/bin/../lib/gcc/arm-none-eabi/4.9.3/../../../../arm-none-eabi/lib/armv7e-m\libc.a(lib_a-memset.o)
 .bss           0x00000000        0x0 c:/program files/gnu tools arm embedded/4.9 2015q1/bin/../lib/gcc/arm-none-eabi/4.9.3/../../../../arm-none-eabi/lib/armv7e-m\libc.a(lib_a-memset.o)
 .text.memset   0x00000000       0x9c c:/program files/gnu tools arm embedded/4.9 2015q1/bin/../lib/gcc/arm-none-eabi/4.9.3/../../../../arm-none-eabi/lib/armv7e-m\libc.a(lib_a-memset.o)
 .debug_frame   0x00000000       0x34 c:/program files/gnu tools arm embedded/4.9 2015q1/bin/../lib/gcc/arm-none-eabi/4.9.3/../../../../arm-none-eabi/lib/armv7e-m\libc.a(lib_a-memset.o)
 .ARM.attributes
                0x00000000       0x2e c:/program files/gnu tools arm embedded/4.9 2015q1/bin/../lib/gcc/arm-none-eabi/4.9.3/../../../../arm-none-eabi/lib/armv7e-m\libc.a(lib_a-memset.o)
 .text          0x00000000        0x0 c:/program files/gnu tools arm embedded/4.9 2015q1/bin/../lib/gcc/arm-none-eabi/4.9.3/../../../../arm-none-eabi/lib/armv7e-m\libc.a(lib_a-__call_atexit.o)
 .data          0x00000000        0x0 c:/program files/gnu tools arm embedded/4.9 2015q1/bin/../lib/gcc/arm-none-eabi/4.9.3/../../../../arm-none-eabi/lib/armv7e-m\libc.a(lib_a-__call_atexit.o)
 .bss           0x00000000        0x0 c:/program files/gnu tools arm embedded/4.9 2015q1/bin/../lib/gcc/arm-none-eabi/4.9.3/../../../../arm-none-eabi/lib/armv7e-m\libc.a(lib_a-__call_atexit.o)
 .text.__call_exitprocs
                0x00000000       0xd4 c:/program files/gnu tools arm embedded/4.9 2015q1/bin/../lib/gcc/arm-none-eabi/4.9.3/../../../../arm-none-eabi/lib/armv7e-m\libc.a(lib_a-__call_atexit.o)
 .debug_frame   0x00000000       0x50 c:/program files/gnu tools arm embedded/4.9 2015q1/bin/../lib/gcc/arm-none-eabi/4.9.3/../../../../arm-none-eabi/lib/armv7e-m\libc.a(lib_a-__call_atexit.o)
 .ARM.attributes
                0x00000000       0x2e c:/program files/gnu tools arm embedded/4.9 2015q1/bin/../lib/gcc/arm-none-eabi/4.9.3/../../../../arm-none-eabi/lib/armv7e-m\libc.a(lib_a-__call_atexit.o)
 .text          0x00000000        0x0 c:/program files/gnu tools arm embedded/4.9 2015q1/bin/../lib/gcc/arm-none-eabi/4.9.3/../../../../arm-none-eabi/lib/armv7e-m\libc.a(lib_a-atexit.o)
 .data          0x00000000        0x0 c:/program files/gnu tools arm embedded/4.9 2015q1/bin/../lib/gcc/arm-none-eabi/4.9.3/../../../../arm-none-eabi/lib/armv7e-m\libc.a(lib_a-atexit.o)
 .bss           0x00000000        0x0 c:/program files/gnu tools arm embedded/4.9 2015q1/bin/../lib/gcc/arm-none-eabi/4.9.3/../../../../arm-none-eabi/lib/armv7e-m\libc.a(lib_a-atexit.o)
 .debug_frame   0x00000000       0x20 c:/program files/gnu tools arm embedded/4.9 2015q1/bin/../lib/gcc/arm-none-eabi/4.9.3/../../../../arm-none-eabi/lib/armv7e-m\libc.a(lib_a-atexit.o)
 .ARM.attributes
                0x00000000       0x2e c:/program files/gnu tools arm embedded/4.9 2015q1/bin/../lib/gcc/arm-none-eabi/4.9.3/../../../../arm-none-eabi/lib/armv7e-m\libc.a(lib_a-atexit.o)
 .text          0x00000000        0x0 c:/program files/gnu tools arm embedded/4.9 2015q1/bin/../lib/gcc/arm-none-eabi/4.9.3/../../../../arm-none-eabi/lib/armv7e-m\libc.a(lib_a-fini.o)
 .data          0x00000000        0x0 c:/program files/gnu tools arm embedded/4.9 2015q1/bin/../lib/gcc/arm-none-eabi/4.9.3/../../../../arm-none-eabi/lib/armv7e-m\libc.a(lib_a-fini.o)
 .bss           0x00000000        0x0 c:/program files/gnu tools arm embedded/4.9 2015q1/bin/../lib/gcc/arm-none-eabi/4.9.3/../../../../arm-none-eabi/lib/armv7e-m\libc.a(lib_a-fini.o)
 .debug_frame   0x00000000       0x34 c:/program files/gnu tools arm embedded/4.9 2015q1/bin/../lib/gcc/arm-none-eabi/4.9.3/../../../../arm-none-eabi/lib/armv7e-m\libc.a(lib_a-fini.o)
 .ARM.attributes
                0x00000000       0x2e c:/program files/gnu tools arm embedded/4.9 2015q1/bin/../lib/gcc/arm-none-eabi/4.9.3/../../../../arm-none-eabi/lib/armv7e-m\libc.a(lib_a-fini.o)
 .text          0x00000000        0x0 c:/program files/gnu tools arm embedded/4.9 2015q1/bin/../lib/gcc/arm-none-eabi/4.9.3/../../../../arm-none-eabi/lib/armv7e-m\libc.a(lib_a-__atexit.o)
 .data          0x00000000        0x0 c:/program files/gnu tools arm embedded/4.9 2015q1/bin/../lib/gcc/arm-none-eabi/4.9.3/../../../../arm-none-eabi/lib/armv7e-m\libc.a(lib_a-__atexit.o)
 .bss           0x00000000        0x0 c:/program files/gnu tools arm embedded/4.9 2015q1/bin/../lib/gcc/arm-none-eabi/4.9.3/../../../../arm-none-eabi/lib/armv7e-m\libc.a(lib_a-__atexit.o)
 .debug_frame   0x00000000       0x34 c:/program files/gnu tools arm embedded/4.9 2015q1/bin/../lib/gcc/arm-none-eabi/4.9.3/../../../../arm-none-eabi/lib/armv7e-m\libc.a(lib_a-__atexit.o)
 .ARM.attributes
                0x00000000       0x2e c:/program files/gnu tools arm embedded/4.9 2015q1/bin/../lib/gcc/arm-none-eabi/4.9.3/../../../../arm-none-eabi/lib/armv7e-m\libc.a(lib_a-__atexit.o)
 .data          0x00000000        0x0 ..\obj\main.o
 .bss           0x00000000        0x0 ..\obj\main.o
 .data          0x00000000        0x0 ..\obj\Button.o
 .bss           0x00000000        0x0 ..\obj\Button.o
 .data          0x00000000        0x0 ..\obj\stm32f4xx_hal_cortex.o
 .bss           0x00000000        0x0 ..\obj\stm32f4xx_hal_cortex.o
 .data          0x00000000        0x0 ..\obj\LedSM.o
 .bss           0x00000000        0x0 ..\obj\LedSM.o
 .data          0x00000000        0x0 ..\obj\configuration.o
 .bss           0x00000000        0x0 ..\obj\configuration.o
 .bss           0x00000000        0x0 ..\obj\system_stm32f4xx.o
 .text          0x00000000       0x14 ..\obj\startup_stm32f429xx.o
 .data          0x00000000        0x0 ..\obj\startup_stm32f429xx.o
 .bss           0x00000000        0x0 ..\obj\startup_stm32f429xx.o
 .data          0x00000000        0x0 ..\obj\stm32f4xx_hal.o
 .data          0x00000000        0x0 ..\obj\Task.o
 .bss           0x00000000        0x0 ..\obj\Task.o
 .data          0x00000000        0x0 ..\obj\ButtonSM.o
 .bss           0x00000000        0x0 ..\obj\ButtonSM.o
 .data          0x00000000        0x0 ..\obj\stm32f4xx_it.o
 .bss           0x00000000        0x0 ..\obj\stm32f4xx_it.o
 .data          0x00000000        0x0 ..\obj\stm32f4xx_hal_gpio.o
 .bss           0x00000000        0x0 ..\obj\stm32f4xx_hal_gpio.o
 .text          0x00000000        0x0 ..\obj\Message.o
 .data          0x00000000        0x0 ..\obj\Message.o
 .data          0x00000000        0x0 ..\obj\LED.o
 .bss           0x00000000        0x0 ..\obj\LED.o
 .text          0x00000000        0x0 ..\obj\assembly.o
 .data          0x00000000        0x0 ..\obj\assembly.o
 .bss           0x00000000        0x0 ..\obj\assembly.o
 .data          0x00000000        0x0 ..\obj\Time.o
 .data          0x00000000        0x0 ..\obj\stm32f4xx_hal_rcc.o
 .bss           0x00000000        0x0 ..\obj\stm32f4xx_hal_rcc.o
 .text          0x00000000        0x0 c:/program files/gnu tools arm embedded/4.9 2015q1/bin/../lib/gcc/arm-none-eabi/4.9.3/armv7e-m/crtend.o
 .data          0x00000000        0x0 c:/program files/gnu tools arm embedded/4.9 2015q1/bin/../lib/gcc/arm-none-eabi/4.9.3/armv7e-m/crtend.o
 .bss           0x00000000        0x0 c:/program files/gnu tools arm embedded/4.9 2015q1/bin/../lib/gcc/arm-none-eabi/4.9.3/armv7e-m/crtend.o
 .eh_frame      0x00000000        0x4 c:/program files/gnu tools arm embedded/4.9 2015q1/bin/../lib/gcc/arm-none-eabi/4.9.3/armv7e-m/crtend.o
 .jcr           0x00000000        0x4 c:/program files/gnu tools arm embedded/4.9 2015q1/bin/../lib/gcc/arm-none-eabi/4.9.3/armv7e-m/crtend.o
 .ARM.attributes
                0x00000000       0x2e c:/program files/gnu tools arm embedded/4.9 2015q1/bin/../lib/gcc/arm-none-eabi/4.9.3/armv7e-m/crtend.o
 .text          0x00000000        0x0 c:/program files/gnu tools arm embedded/4.9 2015q1/bin/../lib/gcc/arm-none-eabi/4.9.3/armv7e-m/crtn.o
 .data          0x00000000        0x0 c:/program files/gnu tools arm embedded/4.9 2015q1/bin/../lib/gcc/arm-none-eabi/4.9.3/armv7e-m/crtn.o
 .bss           0x00000000        0x0 c:/program files/gnu tools arm embedded/4.9 2015q1/bin/../lib/gcc/arm-none-eabi/4.9.3/armv7e-m/crtn.o

Memory Configuration

Name             Origin             Length             Attributes
FLASH            0x08000000         0x00100000         xr
RAM              0x20000000         0x00020000         xrw
CCMRAM           0x10000000         0x00010000         rw
*default*        0x00000000         0xffffffff

Linker script and memory map

LOAD c:/program files/gnu tools arm embedded/4.9 2015q1/bin/../lib/gcc/arm-none-eabi/4.9.3/armv7e-m/crti.o
LOAD c:/program files/gnu tools arm embedded/4.9 2015q1/bin/../lib/gcc/arm-none-eabi/4.9.3/armv7e-m/crtbegin.o
LOAD c:/program files/gnu tools arm embedded/4.9 2015q1/bin/../lib/gcc/arm-none-eabi/4.9.3/../../../../arm-none-eabi/lib/armv7e-m/crt0.o
                0x2001ffff                _estack = 0x2001ffff
                0x00000200                _Min_Heap_Size = 0x200
                0x00000400                _Min_Stack_Size = 0x400

.isr_vector     0x08000000      0x1ac
                0x08000000                . = ALIGN (0x4)
 *(.isr_vector)
 .isr_vector    0x08000000      0x1ac ..\obj\startup_stm32f429xx.o
                0x08000000                g_pfnVectors
                0x080001ac                . = ALIGN (0x4)

.text           0x08000200     0x2818
                0x08000200                . = ALIGN (0x4)
 *(.text)
 .text          0x08000200       0x5c c:/program files/gnu tools arm embedded/4.9 2015q1/bin/../lib/gcc/arm-none-eabi/4.9.3/armv7e-m/crtbegin.o
 .text          0x0800025c      0x10c ..\obj\main.o
                0x080002f4                dummy
                0x08000310                main
                0x08000340                initSysTick
 .text          0x08000368       0x30 ..\obj\Button.o
                0x08000368                isButtonPressed
 .text          0x08000398      0x544 ..\obj\stm32f4xx_hal_cortex.o
                0x0800072c                HAL_NVIC_SetPriorityGrouping
                0x08000740                HAL_NVIC_SetPriority
                0x08000778                HAL_NVIC_EnableIRQ
                0x08000794                HAL_NVIC_DisableIRQ
                0x080007b0                HAL_NVIC_SystemReset
                0x080007bc                HAL_SYSTICK_Config
                0x080007d4                HAL_NVIC_GetPriorityGrouping
                0x080007e4                HAL_NVIC_GetPriority
                0x08000814                HAL_NVIC_SetPendingIRQ
                0x08000830                HAL_NVIC_GetPendingIRQ
                0x08000850                HAL_NVIC_ClearPendingIRQ
                0x0800086c                HAL_NVIC_GetActive
                0x0800088c                HAL_SYSTICK_CLKSourceConfig
                0x080008c4                HAL_SYSTICK_IRQHandler
                0x080008d0                HAL_SYSTICK_Callback
 .text          0x080008dc       0xf4 ..\obj\LedSM.o
                0x080008dc                ledInitData
                0x080008f4                ledSM
 .text          0x080009d0       0xec ..\obj\configuration.o
                0x080009d0                initLED
                0x08000a74                configButton
 .text          0x08000abc      0x154 ..\obj\system_stm32f4xx.o
                0x08000abc                SystemInit
                0x08000b18                SystemCoreClockUpdate
 .text          0x08000c10      0x368 ..\obj\stm32f4xx_hal.o
                0x08000c10                HAL_Init
                0x08000c48                HAL_DeInit
                0x08000ca0                HAL_MspInit
                0x08000cac                HAL_MspDeInit
                0x08000cb8                HAL_InitTick
                0x08000cf0                HAL_IncTick
                0x08000d0c                HAL_GetTick
                0x08000d24                HAL_Delay
                0x08000d50                HAL_SuspendTick
                0x08000d6c                HAL_ResumeTick
                0x08000d88                HAL_GetHalVersion
                0x08000d9c                HAL_GetREVID
                0x08000db4                HAL_GetDEVID
                0x08000dd0                HAL_DBGMCU_EnableDBGSleepMode
                0x08000dec                HAL_DBGMCU_DisableDBGSleepMode
                0x08000e08                HAL_DBGMCU_EnableDBGStopMode
                0x08000e24                HAL_DBGMCU_DisableDBGStopMode
                0x08000e40                HAL_DBGMCU_EnableDBGStandbyMode
                0x08000e5c                HAL_DBGMCU_DisableDBGStandbyMode
                0x08000e78                HAL_EnableCompensationCell
                0x08000eb8                HAL_DisableCompensationCell
                0x08000ef8                HAL_EnableMemorySwappingBank
                0x08000f38                HAL_DisableMemorySwappingBank
 .text          0x08000f78       0x64 ..\obj\Task.o
                0x08000f78                taskOne
                0x08000f88                initTcb
 .text          0x08000fdc       0x68 ..\obj\ButtonSM.o
                0x08000fdc                buttonInitData
                0x08000ff4                buttonSM
 .text          0x08001044       0x50 ..\obj\stm32f4xx_it.o
                0x08001044                NMI_Handler
                0x08001050                HardFault_Handler
                0x08001058                MemManage_Handler
                0x08001060                BusFault_Handler
                0x08001068                UsageFault_Handler
                0x08001070                SVC_Handler
                0x0800107c                DebugMon_Handler
                0x08001088                PendSV_Handler
 .text          0x08001094      0x674 ..\obj\stm32f4xx_hal_gpio.o
                0x08001094                HAL_GPIO_Init
                0x080013dc                HAL_GPIO_DeInit
                0x080015f0                HAL_GPIO_ReadPin
                0x08001620                HAL_GPIO_WritePin
                0x08001650                HAL_GPIO_TogglePin
                0x08001674                HAL_GPIO_LockPin
                0x080016c4                HAL_GPIO_EXTI_IRQHandler
                0x080016f4                HAL_GPIO_EXTI_Callback
 .text          0x08001708       0xc0 ..\obj\LED.o
                0x08001708                turnOffLED
                0x08001768                turnOnLED
 .text          0x080017c8       0x90 ..\obj\Time.o
                0x080017c8                updateCurrentTime
                0x080017fc                checkTime
                0x08001848                getCurrentTime
 .text          0x08001858      0xd74 ..\obj\stm32f4xx_hal_rcc.o
                0x08001858                HAL_RCC_DeInit
                0x080018d0                HAL_RCC_OscConfig
                0x08001d88                HAL_RCC_ClockConfig
                0x080020a4                HAL_RCC_MCOConfig
                0x08002168                HAL_RCC_EnableCSS
                0x08002180                HAL_RCC_DisableCSS
                0x08002198                HAL_RCC_GetSysClockFreq
                0x080022b0                HAL_RCC_GetHCLKFreq
                0x08002308                HAL_RCC_GetPCLK1Freq
                0x08002354                HAL_RCC_GetPCLK2Freq
                0x080023a0                HAL_RCC_GetOscConfig
                0x0800253c                HAL_RCC_GetClockConfig
                0x0800259c                HAL_RCC_NMI_IRQHandler
                0x080025c0                HAL_RCC_CSSCallback
 *(.text*)
 .text.__libc_init_array
                0x080025cc       0x50 c:/program files/gnu tools arm embedded/4.9 2015q1/bin/../lib/gcc/arm-none-eabi/4.9.3/../../../../arm-none-eabi/lib/armv7e-m\libc.a(lib_a-init.o)
                0x080025cc                __libc_init_array
 .text.startup.register_fini
                0x0800261c       0x14 c:/program files/gnu tools arm embedded/4.9 2015q1/bin/../lib/gcc/arm-none-eabi/4.9.3/../../../../arm-none-eabi/lib/armv7e-m\libc.a(lib_a-__call_atexit.o)
 .text.atexit   0x08002630        0xc c:/program files/gnu tools arm embedded/4.9 2015q1/bin/../lib/gcc/arm-none-eabi/4.9.3/../../../../arm-none-eabi/lib/armv7e-m\libc.a(lib_a-atexit.o)
                0x08002630                atexit
 .text.__libc_fini_array
                0x0800263c       0x2c c:/program files/gnu tools arm embedded/4.9 2015q1/bin/../lib/gcc/arm-none-eabi/4.9.3/../../../../arm-none-eabi/lib/armv7e-m\libc.a(lib_a-fini.o)
                0x0800263c                __libc_fini_array
 .text.__register_exitproc
                0x08002668       0xa4 c:/program files/gnu tools arm embedded/4.9 2015q1/bin/../lib/gcc/arm-none-eabi/4.9.3/../../../../arm-none-eabi/lib/armv7e-m\libc.a(lib_a-__atexit.o)
                0x08002668                __register_exitproc
 .text.Reset_Handler
                0x0800270c       0x50 ..\obj\startup_stm32f429xx.o
                0x0800270c                Reset_Handler
 .text.Default_Handler
                0x0800275c        0x2 ..\obj\startup_stm32f429xx.o
                0x0800275c                RTC_Alarm_IRQHandler
                0x0800275c                HASH_RNG_IRQHandler
                0x0800275c                EXTI2_IRQHandler
                0x0800275c                TIM8_CC_IRQHandler
                0x0800275c                UART8_IRQHandler
                0x0800275c                SPI4_IRQHandler
                0x0800275c                TIM1_CC_IRQHandler
                0x0800275c                DMA2_Stream5_IRQHandler
                0x0800275c                DMA1_Stream5_IRQHandler
                0x0800275c                PVD_IRQHandler
                0x0800275c                SDIO_IRQHandler
                0x0800275c                TAMP_STAMP_IRQHandler
                0x0800275c                CAN2_RX1_IRQHandler
                0x0800275c                EXTI3_IRQHandler
                0x0800275c                TIM8_TRG_COM_TIM14_IRQHandler
                0x0800275c                TIM1_UP_TIM10_IRQHandler
                0x0800275c                TIM8_UP_TIM13_IRQHandler
                0x0800275c                I2C3_ER_IRQHandler
                0x0800275c                EXTI0_IRQHandler
                0x0800275c                I2C2_EV_IRQHandler
                0x0800275c                DMA1_Stream2_IRQHandler
                0x0800275c                CAN1_RX0_IRQHandler
                0x0800275c                FPU_IRQHandler
                0x0800275c                OTG_HS_WKUP_IRQHandler
                0x0800275c                LTDC_ER_IRQHandler
                0x0800275c                CAN2_SCE_IRQHandler
                0x0800275c                DMA2_Stream2_IRQHandler
                0x0800275c                SPI1_IRQHandler
                0x0800275c                TIM6_DAC_IRQHandler
                0x0800275c                TIM1_BRK_TIM9_IRQHandler
                0x0800275c                DCMI_IRQHandler
                0x0800275c                CAN2_RX0_IRQHandler
                0x0800275c                DMA2_Stream3_IRQHandler
                0x0800275c                USART6_IRQHandler
                0x0800275c                USART3_IRQHandler
                0x0800275c                CAN1_RX1_IRQHandler
                0x0800275c                UART5_IRQHandler
                0x0800275c                DMA2_Stream0_IRQHandler
                0x0800275c                TIM4_IRQHandler
                0x0800275c                I2C1_EV_IRQHandler
                0x0800275c                DMA1_Stream6_IRQHandler
                0x0800275c                DMA1_Stream1_IRQHandler
                0x0800275c                UART4_IRQHandler
                0x0800275c                TIM3_IRQHandler
                0x0800275c                RCC_IRQHandler
                0x0800275c                TIM8_BRK_TIM12_IRQHandler
                0x0800275c                Default_Handler
                0x0800275c                EXTI15_10_IRQHandler
                0x0800275c                ADC_IRQHandler
                0x0800275c                DMA1_Stream7_IRQHandler
                0x0800275c                SPI5_IRQHandler
                0x0800275c                TIM7_IRQHandler
                0x0800275c                CAN2_TX_IRQHandler
                0x0800275c                TIM5_IRQHandler
                0x0800275c                DMA2_Stream7_IRQHandler
                0x0800275c                I2C3_EV_IRQHandler
                0x0800275c                EXTI9_5_IRQHandler
                0x0800275c                RTC_WKUP_IRQHandler
                0x0800275c                LTDC_IRQHandler
                0x0800275c                ETH_WKUP_IRQHandler
                0x0800275c                SPI2_IRQHandler
                0x0800275c                OTG_HS_EP1_IN_IRQHandler
                0x0800275c                DMA1_Stream0_IRQHandler
                0x0800275c                CAN1_TX_IRQHandler
                0x0800275c                EXTI4_IRQHandler
                0x0800275c                ETH_IRQHandler
                0x0800275c                OTG_HS_EP1_OUT_IRQHandler
                0x0800275c                WWDG_IRQHandler
                0x0800275c                SPI6_IRQHandler
                0x0800275c                TIM2_IRQHandler
                0x0800275c                OTG_FS_WKUP_IRQHandler
                0x0800275c                TIM1_TRG_COM_TIM11_IRQHandler
                0x0800275c                OTG_HS_IRQHandler
                0x0800275c                DMA2D_IRQHandler
                0x0800275c                EXTI1_IRQHandler
                0x0800275c                UART7_IRQHandler
                0x0800275c                USART2_IRQHandler
                0x0800275c                I2C2_ER_IRQHandler
                0x0800275c                DMA2_Stream1_IRQHandler
                0x0800275c                CAN1_SCE_IRQHandler
                0x0800275c                FLASH_IRQHandler
                0x0800275c                DMA2_Stream4_IRQHandler
                0x0800275c                USART1_IRQHandler
                0x0800275c                OTG_FS_IRQHandler
                0x0800275c                SPI3_IRQHandler
                0x0800275c                DMA1_Stream4_IRQHandler
                0x0800275c                I2C1_ER_IRQHandler
                0x0800275c                FMC_IRQHandler
                0x0800275c                DMA2_Stream6_IRQHandler
                0x0800275c                SAI1_IRQHandler
                0x0800275c                DMA1_Stream3_IRQHandler
 *fill*         0x0800275e       0xa2 
 .text.taskswitch
                0x08002800      0x200 ..\obj\assembly.o
                0x08002800                taskswitch
                0x08002900                SysTick_Handler
 *(.glue_7)
 .glue_7        0x00000000        0x0 linker stubs
 *(.glue_7t)
 .glue_7t       0x00000000        0x0 linker stubs
 *(.eh_frame)
 .eh_frame      0x08002a00        0x0 c:/program files/gnu tools arm embedded/4.9 2015q1/bin/../lib/gcc/arm-none-eabi/4.9.3/armv7e-m/crtbegin.o
 *(.init)
 .init          0x08002a00        0x4 c:/program files/gnu tools arm embedded/4.9 2015q1/bin/../lib/gcc/arm-none-eabi/4.9.3/armv7e-m/crti.o
                0x08002a00                _init
 .init          0x08002a04        0x8 c:/program files/gnu tools arm embedded/4.9 2015q1/bin/../lib/gcc/arm-none-eabi/4.9.3/armv7e-m/crtn.o
 *(.fini)
 .fini          0x08002a0c        0x4 c:/program files/gnu tools arm embedded/4.9 2015q1/bin/../lib/gcc/arm-none-eabi/4.9.3/armv7e-m/crti.o
                0x08002a0c                _fini
 .fini          0x08002a10        0x8 c:/program files/gnu tools arm embedded/4.9 2015q1/bin/../lib/gcc/arm-none-eabi/4.9.3/armv7e-m/crtn.o
                0x08002a18                . = ALIGN (0x4)
                0x08002a18                _etext = .

.vfp11_veneer   0x08002a18        0x0
 .vfp11_veneer  0x00000000        0x0 linker stubs

.v4_bx          0x08002a18        0x0
 .v4_bx         0x00000000        0x0 linker stubs

.iplt           0x08002a18        0x0
 .iplt          0x00000000        0x0 c:/program files/gnu tools arm embedded/4.9 2015q1/bin/../lib/gcc/arm-none-eabi/4.9.3/armv7e-m/crtbegin.o

.rodata         0x08002a18       0x30
                0x08002a18                . = ALIGN (0x4)
 *(.rodata)
 .rodata        0x08002a18       0x18 ..\obj\Task.o
 .rodata        0x08002a30       0x10 ..\obj\stm32f4xx_hal_rcc.o
                0x08002a30                APBAHBPrescTable
 *(.rodata*)
 .rodata.str1.4
                0x08002a40        0x4 c:/program files/gnu tools arm embedded/4.9 2015q1/bin/../lib/gcc/arm-none-eabi/4.9.3/../../../../arm-none-eabi/lib/armv7e-m\libc.a(lib_a-impure.o)
 .rodata._global_impure_ptr
                0x08002a44        0x4 c:/program files/gnu tools arm embedded/4.9 2015q1/bin/../lib/gcc/arm-none-eabi/4.9.3/../../../../arm-none-eabi/lib/armv7e-m\libc.a(lib_a-impure.o)
                0x08002a44                _global_impure_ptr
                0x08002a48                . = ALIGN (0x4)

.rel.dyn        0x08002a48        0x0
 .rel.iplt      0x00000000        0x0 c:/program files/gnu tools arm embedded/4.9 2015q1/bin/../lib/gcc/arm-none-eabi/4.9.3/armv7e-m/crtbegin.o

.ARM.extab
 *(.ARM.extab* .gnu.linkonce.armextab.*)

.ARM            0x08002a48        0x0
                0x08002a48                __exidx_start = .
 *(.ARM.exidx*)
                0x08002a48                __exidx_end = .

.preinit_array  0x08002a48        0x0
                0x08002a48                PROVIDE (__preinit_array_start, .)
 *(.preinit_array*)
                0x08002a48                PROVIDE (__preinit_array_end, .)

.init_array     0x08002a48        0x8
                0x08002a48                PROVIDE (__init_array_start, .)
 *(SORT(.init_array.*))
 .init_array.00000
                0x08002a48        0x4 c:/program files/gnu tools arm embedded/4.9 2015q1/bin/../lib/gcc/arm-none-eabi/4.9.3/../../../../arm-none-eabi/lib/armv7e-m\libc.a(lib_a-__call_atexit.o)
 *(.init_array*)
 .init_array    0x08002a4c        0x4 c:/program files/gnu tools arm embedded/4.9 2015q1/bin/../lib/gcc/arm-none-eabi/4.9.3/armv7e-m/crtbegin.o
                0x08002a50                PROVIDE (__init_array_end, .)

.fini_array     0x08002a50        0x4
                0x08002a50                PROVIDE (__fini_array_start, .)
 *(SORT(.fini_array.*))
 *(.fini_array*)
 .fini_array    0x08002a50        0x4 c:/program files/gnu tools arm embedded/4.9 2015q1/bin/../lib/gcc/arm-none-eabi/4.9.3/armv7e-m/crtbegin.o
                0x08002a54                PROVIDE (__fini_array_end, .)
                0x08002a54                _sidata = LOADADDR (.data)

.data           0x20000000      0x440 load address 0x08002a54
                0x20000000                . = ALIGN (0x4)
                0x20000000                _sdata = .
 *(.data)
 .data          0x20000000       0x14 ..\obj\system_stm32f4xx.o
                0x20000000                SystemCoreClock
                0x20000004                AHBPrescTable
 *(.data*)
 *fill*         0x20000014        0x4 
 .data.impure_data
                0x20000018      0x428 c:/program files/gnu tools arm embedded/4.9 2015q1/bin/../lib/gcc/arm-none-eabi/4.9.3/../../../../arm-none-eabi/lib/armv7e-m\libc.a(lib_a-impure.o)
                0x20000440                . = ALIGN (0x4)
                0x20000440                _edata = .
                0x08002e94                _siccmram = LOADADDR (.ccmram)

.jcr            0x20000440        0x0 load address 0x08002e94
 .jcr           0x20000440        0x0 c:/program files/gnu tools arm embedded/4.9 2015q1/bin/../lib/gcc/arm-none-eabi/4.9.3/armv7e-m/crtbegin.o

.igot.plt       0x20000440        0x0 load address 0x08002e94
 .igot.plt      0x00000000        0x0 c:/program files/gnu tools arm embedded/4.9 2015q1/bin/../lib/gcc/arm-none-eabi/4.9.3/armv7e-m/crtbegin.o

.ccmram         0x10000000        0x0 load address 0x08002e94
                0x10000000                . = ALIGN (0x4)
                0x10000000                _sccmram = .
 *(.ccmram)
 *(.ccmram*)
                0x10000000                . = ALIGN (0x4)
                0x10000000                _eccmram = .
                0x10000000                . = ALIGN (0x4)

.bss            0x20000440      0x860
                0x20000440                _sbss = .
                0x20000440                __bss_start__ = _sbss
 *(.bss)
 .bss           0x20000440       0x1c c:/program files/gnu tools arm embedded/4.9 2015q1/bin/../lib/gcc/arm-none-eabi/4.9.3/armv7e-m/crtbegin.o
 .bss           0x2000045c        0x4 ..\obj\stm32f4xx_hal.o
 .bss           0x20000460        0x1 ..\obj\Message.o
                0x20000460                msg
 *fill*         0x20000461        0x3 
 .bss           0x20000464       0x1c ..\obj\Time.o
                0x20000464                currentTime
 *(.bss*)
 *(COMMON)
 COMMON         0x20000480      0x820 ..\obj\Task.o
                0x20000480                taskTwoTcb
                0x20000488                taskOneTcb
                0x20000490                taskTwoStack
                0x20000894                mainTcb
                0x2000089c                taskOneStack
                0x20000ca0                . = ALIGN (0x4)
                0x20000ca0                _ebss = .
                0x20000ca0                __bss_end__ = _ebss

._user_heap_stack
                0x20000ca0      0x600
                0x20000ca0                . = ALIGN (0x4)
                0x20000ca0                PROVIDE (end, .)
                0x20000ca0                PROVIDE (_end, .)
                0x20000ea0                . = (. + _Min_Heap_Size)
 *fill*         0x20000ca0      0x200 
                0x200012a0                . = (. + _Min_Stack_Size)
 *fill*         0x20000ea0      0x400 
                0x200012a0                . = ALIGN (0x4)

/DISCARD/
 libc.a(*)
 libm.a(*)
 libgcc.a(*)

.ARM.attributes
                0x00000000       0x2a
 *(.ARM.attributes)
 .ARM.attributes
                0x00000000       0x1e c:/program files/gnu tools arm embedded/4.9 2015q1/bin/../lib/gcc/arm-none-eabi/4.9.3/armv7e-m/crti.o
 .ARM.attributes
                0x0000001e       0x2e c:/program files/gnu tools arm embedded/4.9 2015q1/bin/../lib/gcc/arm-none-eabi/4.9.3/armv7e-m/crtbegin.o
 .ARM.attributes
                0x0000004c       0x33 ..\obj\main.o
 .ARM.attributes
                0x0000007f       0x33 ..\obj\Button.o
 .ARM.attributes
                0x000000b2       0x33 ..\obj\stm32f4xx_hal_cortex.o
 .ARM.attributes
                0x000000e5       0x33 ..\obj\LedSM.o
 .ARM.attributes
                0x00000118       0x33 ..\obj\configuration.o
 .ARM.attributes
                0x0000014b       0x33 ..\obj\system_stm32f4xx.o
 .ARM.attributes
                0x0000017e       0x21 ..\obj\startup_stm32f429xx.o
 .ARM.attributes
                0x0000019f       0x33 ..\obj\stm32f4xx_hal.o
 .ARM.attributes
                0x000001d2       0x33 ..\obj\Task.o
 .ARM.attributes
                0x00000205       0x33 ..\obj\ButtonSM.o
 .ARM.attributes
                0x00000238       0x33 ..\obj\stm32f4xx_it.o
 .ARM.attributes
                0x0000026b       0x33 ..\obj\stm32f4xx_hal_gpio.o
 .ARM.attributes
                0x0000029e       0x33 ..\obj\Message.o
 .ARM.attributes
                0x000002d1       0x33 ..\obj\LED.o
 .ARM.attributes
                0x00000304       0x21 ..\obj\assembly.o
 .ARM.attributes
                0x00000325       0x33 ..\obj\Time.o
 .ARM.attributes
                0x00000358       0x33 ..\obj\stm32f4xx_hal_rcc.o
 .ARM.attributes
                0x0000038b       0x1e c:/program files/gnu tools arm embedded/4.9 2015q1/bin/../lib/gcc/arm-none-eabi/4.9.3/armv7e-m/crtn.o
LOAD ..\obj\main.o
LOAD ..\obj\Button.o
LOAD ..\obj\stm32f4xx_hal_cortex.o
LOAD ..\obj\LedSM.o
LOAD ..\obj\configuration.o
LOAD ..\obj\system_stm32f4xx.o
LOAD ..\obj\startup_stm32f429xx.o
LOAD ..\obj\stm32f4xx_hal.o
LOAD ..\obj\Task.o
LOAD ..\obj\ButtonSM.o
LOAD ..\obj\stm32f4xx_it.o
LOAD ..\obj\stm32f4xx_hal_gpio.o
LOAD ..\obj\Message.o
LOAD ..\obj\LED.o
LOAD ..\obj\assembly.o
LOAD ..\obj\Time.o
LOAD ..\obj\stm32f4xx_hal_rcc.o
START GROUP
LOAD c:/program files/gnu tools arm embedded/4.9 2015q1/bin/../lib/gcc/arm-none-eabi/4.9.3/armv7e-m\libgcc.a
LOAD c:/program files/gnu tools arm embedded/4.9 2015q1/bin/../lib/gcc/arm-none-eabi/4.9.3/../../../../arm-none-eabi/lib/armv7e-m\libg.a
LOAD c:/program files/gnu tools arm embedded/4.9 2015q1/bin/../lib/gcc/arm-none-eabi/4.9.3/../../../../arm-none-eabi/lib/armv7e-m\libc.a
END GROUP
LOAD c:/program files/gnu tools arm embedded/4.9 2015q1/bin/../lib/gcc/arm-none-eabi/4.9.3/armv7e-m/crtend.o
LOAD c:/program files/gnu tools arm embedded/4.9 2015q1/bin/../lib/gcc/arm-none-eabi/4.9.3/armv7e-m/crtn.o
OUTPUT(BlinkingWithButton.elf elf32-littlearm)

.debug_info     0x00000000     0x4923
 .debug_info    0x00000000      0x7dd ..\obj\main.o
 .debug_info    0x000007dd      0x1ba ..\obj\Button.o
 .debug_info    0x00000997      0xbac ..\obj\stm32f4xx_hal_cortex.o
 .debug_info    0x00001543      0x1bb ..\obj\LedSM.o
 .debug_info    0x000016fe      0x427 ..\obj\configuration.o
 .debug_info    0x00001b25      0x4b4 ..\obj\system_stm32f4xx.o
 .debug_info    0x00001fd9       0xc5 ..\obj\startup_stm32f429xx.o
 .debug_info    0x0000209e      0xa1c ..\obj\stm32f4xx_hal.o
 .debug_info    0x00002aba      0x23b ..\obj\Task.o
 .debug_info    0x00002cf5      0x178 ..\obj\ButtonSM.o
 .debug_info    0x00002e6d      0x129 ..\obj\stm32f4xx_it.o
 .debug_info    0x00002f96      0x712 ..\obj\stm32f4xx_hal_gpio.o
 .debug_info    0x000036a8       0x4b ..\obj\Message.o
 .debug_info    0x000036f3      0x1f0 ..\obj\LED.o
 .debug_info    0x000038e3       0xbe ..\obj\assembly.o
 .debug_info    0x000039a1      0x15b ..\obj\Time.o
 .debug_info    0x00003afc      0xe27 ..\obj\stm32f4xx_hal_rcc.o

.debug_abbrev   0x00000000     0x1274
 .debug_abbrev  0x00000000      0x1ed ..\obj\main.o
 .debug_abbrev  0x000001ed       0xd8 ..\obj\Button.o
 .debug_abbrev  0x000002c5      0x299 ..\obj\stm32f4xx_hal_cortex.o
 .debug_abbrev  0x0000055e       0xde ..\obj\LedSM.o
 .debug_abbrev  0x0000063c       0xff ..\obj\configuration.o
 .debug_abbrev  0x0000073b       0xff ..\obj\system_stm32f4xx.o
 .debug_abbrev  0x0000083a       0x12 ..\obj\startup_stm32f429xx.o
 .debug_abbrev  0x0000084c      0x1ff ..\obj\stm32f4xx_hal.o
 .debug_abbrev  0x00000a4b       0xd6 ..\obj\Task.o
 .debug_abbrev  0x00000b21       0xde ..\obj\ButtonSM.o
 .debug_abbrev  0x00000bff       0x67 ..\obj\stm32f4xx_it.o
 .debug_abbrev  0x00000c66      0x1aa ..\obj\stm32f4xx_hal_gpio.o
 .debug_abbrev  0x00000e10       0x42 ..\obj\Message.o
 .debug_abbrev  0x00000e52       0xd8 ..\obj\LED.o
 .debug_abbrev  0x00000f2a       0x14 ..\obj\assembly.o
 .debug_abbrev  0x00000f3e       0xdc ..\obj\Time.o
 .debug_abbrev  0x0000101a      0x25a ..\obj\stm32f4xx_hal_rcc.o

.debug_aranges  0x00000000      0x220
 .debug_aranges
                0x00000000       0x20 ..\obj\main.o
 .debug_aranges
                0x00000020       0x20 ..\obj\Button.o
 .debug_aranges
                0x00000040       0x20 ..\obj\stm32f4xx_hal_cortex.o
 .debug_aranges
                0x00000060       0x20 ..\obj\LedSM.o
 .debug_aranges
                0x00000080       0x20 ..\obj\configuration.o
 .debug_aranges
                0x000000a0       0x20 ..\obj\system_stm32f4xx.o
 .debug_aranges
                0x000000c0       0x28 ..\obj\startup_stm32f429xx.o
 .debug_aranges
                0x000000e8       0x20 ..\obj\stm32f4xx_hal.o
 .debug_aranges
                0x00000108       0x20 ..\obj\Task.o
 .debug_aranges
                0x00000128       0x20 ..\obj\ButtonSM.o
 .debug_aranges
                0x00000148       0x20 ..\obj\stm32f4xx_it.o
 .debug_aranges
                0x00000168       0x20 ..\obj\stm32f4xx_hal_gpio.o
 .debug_aranges
                0x00000188       0x18 ..\obj\Message.o
 .debug_aranges
                0x000001a0       0x20 ..\obj\LED.o
 .debug_aranges
                0x000001c0       0x20 ..\obj\assembly.o
 .debug_aranges
                0x000001e0       0x20 ..\obj\Time.o
 .debug_aranges
                0x00000200       0x20 ..\obj\stm32f4xx_hal_rcc.o

.debug_line     0x00000000     0x211a
 .debug_line    0x00000000      0x1b8 ..\obj\main.o
 .debug_line    0x000001b8      0x1c0 ..\obj\Button.o
 .debug_line    0x00000378      0x339 ..\obj\stm32f4xx_hal_cortex.o
 .debug_line    0x000006b1      0x180 ..\obj\LedSM.o
 .debug_line    0x00000831      0x1d6 ..\obj\configuration.o
 .debug_line    0x00000a07      0x174 ..\obj\system_stm32f4xx.o
 .debug_line    0x00000b7b       0xad ..\obj\startup_stm32f429xx.o
 .debug_line    0x00000c28      0x340 ..\obj\stm32f4xx_hal.o
 .debug_line    0x00000f68      0x13d ..\obj\Task.o
 .debug_line    0x000010a5      0x170 ..\obj\ButtonSM.o
 .debug_line    0x00001215      0x167 ..\obj\stm32f4xx_it.o
 .debug_line    0x0000137c      0x3e8 ..\obj\stm32f4xx_hal_gpio.o
 .debug_line    0x00001764       0x70 ..\obj\Message.o
 .debug_line    0x000017d4      0x1d1 ..\obj\LED.o
 .debug_line    0x000019a5       0x96 ..\obj\assembly.o
 .debug_line    0x00001a3b      0x143 ..\obj\Time.o
 .debug_line    0x00001b7e      0x59c ..\obj\stm32f4xx_hal_rcc.o

.debug_str      0x00000000     0x189a
 .debug_str     0x00000000      0x87d ..\obj\main.o
                                0x8f1 (size before relaxing)
 .debug_str     0x0000087d       0xc3 ..\obj\Button.o
                                0x24c (size before relaxing)
 .debug_str     0x00000940      0x277 ..\obj\stm32f4xx_hal_cortex.o
                                0xb59 (size before relaxing)
 .debug_str     0x00000bb7       0x8b ..\obj\LedSM.o
                                0x268 (size before relaxing)
 .debug_str     0x00000c42      0x16c ..\obj\configuration.o
                                0x36e (size before relaxing)
 .debug_str     0x00000dae       0x88 ..\obj\system_stm32f4xx.o
                                0x344 (size before relaxing)
 .debug_str     0x00000e36      0x2fd ..\obj\stm32f4xx_hal.o
                                0xb1e (size before relaxing)
 .debug_str     0x00001133       0x95 ..\obj\Task.o
                                0x1be (size before relaxing)
 .debug_str     0x000011c8       0x5c ..\obj\ButtonSM.o
                                0x247 (size before relaxing)
 .debug_str     0x00001224       0xc8 ..\obj\stm32f4xx_it.o
                                0x234 (size before relaxing)
 .debug_str     0x000012ec      0x180 ..\obj\stm32f4xx_hal_gpio.o
                                0x51d (size before relaxing)
 .debug_str     0x0000146c       0x43 ..\obj\Message.o
                                 0xcb (size before relaxing)
 .debug_str     0x000014af       0x54 ..\obj\LED.o
                                0x24a (size before relaxing)
 .debug_str     0x00001503       0x9c ..\obj\Time.o
                                0x21c (size before relaxing)
 .debug_str     0x0000159f      0x2fb ..\obj\stm32f4xx_hal_rcc.o
                                0x6d7 (size before relaxing)

.comment        0x00000000       0x70
 .comment       0x00000000       0x70 ..\obj\main.o
                                 0x71 (size before relaxing)
 .comment       0x00000000       0x71 ..\obj\Button.o
 .comment       0x00000000       0x71 ..\obj\stm32f4xx_hal_cortex.o
 .comment       0x00000000       0x71 ..\obj\LedSM.o
 .comment       0x00000000       0x71 ..\obj\configuration.o
 .comment       0x00000000       0x71 ..\obj\system_stm32f4xx.o
 .comment       0x00000000       0x71 ..\obj\stm32f4xx_hal.o
 .comment       0x00000000       0x71 ..\obj\Task.o
 .comment       0x00000000       0x71 ..\obj\ButtonSM.o
 .comment       0x00000000       0x71 ..\obj\stm32f4xx_it.o
 .comment       0x00000000       0x71 ..\obj\stm32f4xx_hal_gpio.o
 .comment       0x00000000       0x71 ..\obj\Message.o
 .comment       0x00000000       0x71 ..\obj\LED.o
 .comment       0x00000000       0x71 ..\obj\Time.o
 .comment       0x00000000       0x71 ..\obj\stm32f4xx_hal_rcc.o

.debug_frame    0x00000000      0xef4
 .debug_frame   0x00000000       0xc0 ..\obj\main.o
 .debug_frame   0x000000c0       0x34 ..\obj\Button.o
 .debug_frame   0x000000f4      0x428 ..\obj\stm32f4xx_hal_cortex.o
 .debug_frame   0x0000051c       0x5c ..\obj\LedSM.o
 .debug_frame   0x00000578       0x58 ..\obj\configuration.o
 .debug_frame   0x000005d0       0x58 ..\obj\system_stm32f4xx.o
 .debug_frame   0x00000628      0x310 ..\obj\stm32f4xx_hal.o
 .debug_frame   0x00000938       0x58 ..\obj\Task.o
 .debug_frame   0x00000990       0x5c ..\obj\ButtonSM.o
 .debug_frame   0x000009ec       0xf0 ..\obj\stm32f4xx_it.o
 .debug_frame   0x00000adc      0x14c ..\obj\stm32f4xx_hal_gpio.o
 .debug_frame   0x00000c28       0x58 ..\obj\LED.o
 .debug_frame   0x00000c80       0x70 ..\obj\Time.o
 .debug_frame   0x00000cf0      0x204 ..\obj\stm32f4xx_hal_rcc.o

.debug_ranges   0x00000000       0x20
 .debug_ranges  0x00000000       0x20 ..\obj\startup_stm32f429xx.o
